
Optional file libmchp_peripheral.a not found

Optional file libmchp_peripheral_32MX250F128B.a not found
Archive member included because of file (symbol)

c:/program files (x86)/microchip/xc32/v2.15/bin/bin/../../lib/gcc/pic32mx/4.8.3/../../../../pic32mx/lib\libpic32.a(memcmp.o)
                              build/default/production/_ext/1360937237/app.o (memcmp)
c:/program files (x86)/microchip/xc32/v2.15/bin/bin/../../lib/gcc/pic32mx/4.8.3/../../../../pic32mx/lib\libpic32.a(memcpy.o)
                              build/default/production/_ext/2136756787/usb_device.o (memcpy)
c:/program files (x86)/microchip/xc32/v2.15/bin/bin/../../lib/gcc/pic32mx/4.8.3/../../../../pic32mx/lib\libpic32.a(default-bootstrap-exception-handler.o)
                              C:\Users\PRECIS~1\AppData\Local\Temp\cc5IQsQo.o (_bootstrap_exception_handler)
c:/program files (x86)/microchip/xc32/v2.15/bin/bin/../../lib/gcc/pic32mx/4.8.3/../../../../pic32mx/lib\libpic32.a(default-on-reset.o)
                              C:\Users\PRECIS~1\AppData\Local\Temp\cc5IQsQo.o (_on_reset)
c:/program files (x86)/microchip/xc32/v2.15/bin/bin/../../lib/gcc/pic32mx/4.8.3/../../../../pic32mx/lib\libpic32.a(default-on-bootstrap.o)
                              C:\Users\PRECIS~1\AppData\Local\Temp\cc5IQsQo.o (_on_bootstrap)
c:/program files (x86)/microchip/xc32/v2.15/bin/bin/../../lib/gcc/pic32mx/4.8.3/../../../../pic32mx/lib\libpic32.a(default-nmi-handler.o)
                              C:\Users\PRECIS~1\AppData\Local\Temp\cc5IQsQo.o (_nmi_handler)
c:/program files (x86)/microchip/xc32/v2.15/bin/bin/../../lib/gcc/pic32mx/4.8.3/../../../../pic32mx/lib\libpic32.a(pic32_data_init.o)
                              C:\Users\PRECIS~1\AppData\Local\Temp\cc5IQsQo.o (__pic32_data_init)
c:/program files (x86)/microchip/xc32/v2.15/bin/bin/../../lib/gcc/pic32mx/4.8.3/../../../../pic32mx/lib\libpic32.a(general-exception.o)
                              C:\Users\PRECIS~1\AppData\Local\Temp\cc5IQsQo.o (_general_exception_context)
c:/program files (x86)/microchip/xc32/v2.15/bin/bin/../../lib/gcc/pic32mx/4.8.3/../../../../pic32mx/lib\libpic32.a(vector0.o)
                              C:\Users\PRECIS~1\AppData\Local\Temp\ccfbuH96.o (__vector_dispatch_0)
c:/program files (x86)/microchip/xc32/v2.15/bin/bin/../../lib/gcc/pic32mx/4.8.3/../../../../pic32mx/lib\libpic32.a(vector1.o)
                              C:\Users\PRECIS~1\AppData\Local\Temp\ccfbuH96.o (__vector_dispatch_1)
c:/program files (x86)/microchip/xc32/v2.15/bin/bin/../../lib/gcc/pic32mx/4.8.3/../../../../pic32mx/lib\libpic32.a(vector2.o)
                              C:\Users\PRECIS~1\AppData\Local\Temp\ccfbuH96.o (__vector_dispatch_2)
c:/program files (x86)/microchip/xc32/v2.15/bin/bin/../../lib/gcc/pic32mx/4.8.3/../../../../pic32mx/lib\libpic32.a(vector3.o)
                              C:\Users\PRECIS~1\AppData\Local\Temp\ccfbuH96.o (__vector_dispatch_3)
c:/program files (x86)/microchip/xc32/v2.15/bin/bin/../../lib/gcc/pic32mx/4.8.3/../../../../pic32mx/lib\libpic32.a(vector4.o)
                              C:\Users\PRECIS~1\AppData\Local\Temp\ccfbuH96.o (__vector_dispatch_4)
c:/program files (x86)/microchip/xc32/v2.15/bin/bin/../../lib/gcc/pic32mx/4.8.3/../../../../pic32mx/lib\libpic32.a(vector5.o)
                              C:\Users\PRECIS~1\AppData\Local\Temp\ccfbuH96.o (__vector_dispatch_5)
c:/program files (x86)/microchip/xc32/v2.15/bin/bin/../../lib/gcc/pic32mx/4.8.3/../../../../pic32mx/lib\libpic32.a(vector6.o)
                              C:\Users\PRECIS~1\AppData\Local\Temp\ccfbuH96.o (__vector_dispatch_6)
c:/program files (x86)/microchip/xc32/v2.15/bin/bin/../../lib/gcc/pic32mx/4.8.3/../../../../pic32mx/lib\libpic32.a(vector7.o)
                              C:\Users\PRECIS~1\AppData\Local\Temp\ccfbuH96.o (__vector_dispatch_7)
c:/program files (x86)/microchip/xc32/v2.15/bin/bin/../../lib/gcc/pic32mx/4.8.3/../../../../pic32mx/lib\libpic32.a(vector8.o)
                              C:\Users\PRECIS~1\AppData\Local\Temp\ccfbuH96.o (__vector_dispatch_8)
c:/program files (x86)/microchip/xc32/v2.15/bin/bin/../../lib/gcc/pic32mx/4.8.3/../../../../pic32mx/lib\libpic32.a(vector9.o)
                              C:\Users\PRECIS~1\AppData\Local\Temp\ccfbuH96.o (__vector_dispatch_9)
c:/program files (x86)/microchip/xc32/v2.15/bin/bin/../../lib/gcc/pic32mx/4.8.3/../../../../pic32mx/lib\libpic32.a(vector10.o)
                              C:\Users\PRECIS~1\AppData\Local\Temp\ccfbuH96.o (__vector_dispatch_10)
c:/program files (x86)/microchip/xc32/v2.15/bin/bin/../../lib/gcc/pic32mx/4.8.3/../../../../pic32mx/lib\libpic32.a(vector11.o)
                              C:\Users\PRECIS~1\AppData\Local\Temp\ccfbuH96.o (__vector_dispatch_11)
c:/program files (x86)/microchip/xc32/v2.15/bin/bin/../../lib/gcc/pic32mx/4.8.3/../../../../pic32mx/lib\libpic32.a(vector12.o)
                              C:\Users\PRECIS~1\AppData\Local\Temp\ccfbuH96.o (__vector_dispatch_12)
[...]
Memory Configuration

Name             Origin             Length             Attributes
kseg0_program_mem 0x9d000000         0x0001f000         xr
exception_mem    0x9d01f000         0x00001000
debug_exec_mem   0x9fc00490         0x00000760
kseg0_boot_mem   0x9fc00490         0x00000000
kseg1_boot_mem   0xbfc00000         0x00000490
config3          0xbfc00bf0         0x00000004
config2          0xbfc00bf4         0x00000004
config1          0xbfc00bf8         0x00000004
config0          0xbfc00bfc         0x00000004
kseg1_data_mem   0xa0000000         0x00008000         w !x
sfrs             0xbf800000         0x00100000
configsfrs       0xbfc00bf0         0x00000010
*default*        0x00000000         0xffffffff

Linker script and memory map

LOAD c:/program files (x86)/microchip/xc32/v2.15/bin/bin/../../lib/gcc/pic32mx/4.8.3/../../../../pic32mx/lib\debug-exception-return.o
LOAD build/default/production/_ext/1360937237/app.o
LOAD build/default/production/_ext/639803181/sys_clk_pic32mx.o
LOAD build/default/production/_ext/340578644/sys_devcon.o
LOAD build/default/production/_ext/340578644/sys_devcon_pic32mx.o
LOAD build/default/production/_ext/822048611/sys_ports_static.o
LOAD build/default/production/_ext/74298950/bsp.o
LOAD build/default/production/_ext/1688732426/system_init.o
LOAD build/default/production/_ext/1688732426/system_interrupt.o
LOAD build/default/production/_ext/1688732426/system_exceptions.o
LOAD build/default/production/_ext/1360937237/main.o
LOAD build/default/production/_ext/1688732426/system_tasks.o
LOAD build/default/production/_ext/1735427962/sys_int_pic32.o
LOAD build/default/production/_ext/695388678/drv_usbfs.o
LOAD build/default/production/_ext/2136756787/usb_device.o
LOAD build/default/production/_ext/695388678/drv_usbfs_device.o
LOAD build/default/production/_ext/2136756787/usb_device_hid.o
LOAD build/default/production/_ext/1360937237/i2c_IMU.o
LOAD build/default/production/_ext/1360937237/i2c_master_noint.o
LOAD build/default/production/_ext/1360937237/mouse.o
LOAD ..\src\system_config\default\bin\framework\peripheral\PIC32MX250F128B_peripherals.a
                0x00000001                __MPLAB_BUILD = 0x1
                0x00000200                _min_heap_size = 0x200
LOAD C:\Users\PRECIS~1\AppData\Local\Temp\cc5IQsQo.o
LOAD C:\Users\PRECIS~1\AppData\Local\Temp\ccIVoLfD.o
LOAD C:\Users\PRECIS~1\AppData\Local\Temp\ccfbuH96.o
LOAD c:/program files (x86)/microchip/xc32/v2.15/bin/bin/../../lib/gcc/pic32mx/4.8.3/../../../../pic32mx/lib/./proc/32MX250F128B\default_isr_vectors.o
LOAD c:/program files (x86)/microchip/xc32/v2.15/bin/bin/../../lib/gcc/pic32mx/4.8.3/../../../../pic32mx/lib\pic32_software_reset.o
                0x00000400                PROVIDE (_min_stack_size, 0x400)
START GROUP
LOAD c:/program files (x86)/microchip/xc32/v2.15/bin/bin/../../lib/gcc/pic32mx/4.8.3/../../../../pic32mx/lib/./proc/32MX250F128B\processor.o
END GROUP
START GROUP
LOAD libmchp_peripheral.a
END GROUP
START GROUP
LOAD libmchp_peripheral_32MX250F128B.a
END GROUP
                0x00000001                PROVIDE (_vector_spacing, 0x1)
                0x9d01f000                PROVIDE (_ebase_address, 0x9d01f000)
                0xbfc00000                _RESET_ADDR = 0xbfc00000
                0xbfc00380                _BEV_EXCPT_ADDR = 0xbfc00380
                0xbfc00480                _DBG_EXCPT_ADDR = 0xbfc00480
                0x9fc00490                _DBG_CODE_ADDR = 0x9fc00490
                0x00000760                _DBG_CODE_SIZE = 0x760
                0x9d01f180                _GEN_EXCPT_ADDR = (_ebase_address + 0x180)

.config_BFC00BF0
                0xbfc00bf0        0x4
 *(.config_BFC00BF0)
 .config_BFC00BF0
                0xbfc00bf0        0x4 build/default/production/_ext/1688732426/system_init.o

.config_BFC00BF4
                0xbfc00bf4        0x4
 *(.config_BFC00BF4)
 .config_BFC00BF4
                0xbfc00bf4        0x4 build/default/production/_ext/1688732426/system_init.o

.config_BFC00BF8
                0xbfc00bf8        0x4
 *(.config_BFC00BF8)
 .config_BFC00BF8
                0xbfc00bf8        0x4 build/default/production/_ext/1688732426/system_init.o

.config_BFC00BFC
                0xbfc00bfc        0x4
 *(.config_BFC00BFC)
 .config_BFC00BFC
                0xbfc00bfc        0x4 build/default/production/_ext/1688732426/system_init.o
                0xbfc02000                PROVIDE (_DBG_CODE_ADDR, 0xbfc02000)
                0x00000ff0                PROVIDE (_DBG_CODE_SIZE, 0xff0)

.reset          0xbfc00000      0x184
 *(.reset)
 .reset         0xbfc00000        0x8 C:\Users\PRECIS~1\AppData\Local\Temp\cc5IQsQo.o
                0xbfc00000                _reset
 *(.reset.startup)
 .reset.startup
                0xbfc00008      0x17c C:\Users\PRECIS~1\AppData\Local\Temp\cc5IQsQo.o
                0xbfc00008                _startup

.bev_excpt      0xbfc00380       0x10
 *(.bev_handler)
 .bev_handler   0xbfc00380       0x10 C:\Users\PRECIS~1\AppData\Local\Temp\cc5IQsQo.o

.dbg_excpt      0xbfc00480        0x0
                0xbfc00480                . = (. + DEFINED (_DEBUGGER)?0x8:0x0)

.dbg_code       0x9fc00490        0x0
                0x9fc00490                . = (. + DEFINED (_DEBUGGER)?_DBG_CODE_SIZE:0x0)

.app_excpt      0x9d01f180       0x10
 *(.gen_handler)
 .gen_handler   0x9d01f180       0x10 C:\Users\PRECIS~1\AppData\Local\Temp\cc5IQsQo.o

.vector_0       0x9d01f200        0x8
 *(.vector_0)
 .vector_0      0x9d01f200        0x8 c:/program files (x86)/microchip/xc32/v2.15/bin/bin/../../lib/gcc/pic32mx/4.8.3/../../../../pic32mx/lib\libpic32.a(vector0.o)
                0x9d01f200                __vector_dispatch_0
                0x00000001                ASSERT (((_vector_spacing == 0x0) || (SIZEOF (.vector_0) <= (_vector_spacing << 0x5))), function at exception vector 0 too large)

.vector_1       0x9d01f220        0x8
 *(.vector_1)
 .vector_1      0x9d01f220        0x8 c:/program files (x86)/microchip/xc32/v2.15/bin/bin/../../lib/gcc/pic32mx/4.8.3/../../../../pic32mx/lib\libpic32.a(vector1.o)
                0x9d01f220                __vector_dispatch_1
                0x00000001                ASSERT (((_vector_spacing == 0x0) || (SIZEOF (.vector_1) <= (_vector_spacing << 0x5))), function at exception vector 1 too large)

.vector_2       0x9d01f240        0x8
 *(.vector_2)
 .vector_2      0x9d01f240        0x8 c:/program files (x86)/microchip/xc32/v2.15/bin/bin/../../lib/gcc/pic32mx/4.8.3/../../../../pic32mx/lib\libpic32.a(vector2.o)
                0x9d01f240                __vector_dispatch_2
                0x00000001                ASSERT (((_vector_spacing == 0x0) || (SIZEOF (.vector_2) <= (_vector_spacing << 0x5))), function at exception vector 2 too large)

.vector_3       0x9d01f260        0x8
 *(.vector_3)
 .vector_3      0x9d01f260        0x8 c:/program files (x86)/microchip/xc32/v2.15/bin/bin/../../lib/gcc/pic32mx/4.8.3/../../../../pic32mx/lib\libpic32.a(vector3.o)
                0x9d01f260                __vector_dispatch_3
                0x00000001                ASSERT (((_vector_spacing == 0x0) || (SIZEOF (.vector_3) <= (_vector_spacing << 0x5))), function at exception vector 3 too large)

.vector_4       0x9d01f280        0x8
 *(.vector_4)
 .vector_4      0x9d01f280        0x8 c:/program files (x86)/microchip/xc32/v2.15/bin/bin/../../lib/gcc/pic32mx/4.8.3/../../../../pic32mx/lib\libpic32.a(vector4.o)
                0x9d01f280                __vector_dispatch_4
                0x00000001                ASSERT (((_vector_spacing == 0x0) || (SIZEOF (.vector_4) <= (_vector_spacing << 0x5))), function at exception vector 4 too large)

.vector_5       0x9d01f2a0        0x8
 *(.vector_5)
 .vector_5      0x9d01f2a0        0x8 c:/program files (x86)/microchip/xc32/v2.15/bin/bin/../../lib/gcc/pic32mx/4.8.3/../../../../pic32mx/lib\libpic32.a(vector5.o)
                0x9d01f2a0                __vector_dispatch_5
                0x00000001                ASSERT (((_vector_spacing == 0x0) || (SIZEOF (.vector_5) <= (_vector_spacing << 0x5))), function at exception vector 5 too large)

.vector_6       0x9d01f2c0        0x8
 *(.vector_6)
 .vector_6      0x9d01f2c0        0x8 c:/program files (x86)/microchip/xc32/v2.15/bin/bin/../../lib/gcc/pic32mx/4.8.3/../../../../pic32mx/lib\libpic32.a(vector6.o)
                0x9d01f2c0                __vector_dispatch_6
                0x00000001                ASSERT (((_vector_spacing == 0x0) || (SIZEOF (.vector_6) <= (_vector_spacing << 0x5))), function at exception vector 6 too large)

.vector_7       0x9d01f2e0        0x8
 *(.vector_7)
 .vector_7      0x9d01f2e0        0x8 c:/program files (x86)/microchip/xc32/v2.15/bin/bin/../../lib/gcc/pic32mx/4.8.3/../../../../pic32mx/lib\libpic32.a(vector7.o)
                0x9d01f2e0                __vector_dispatch_7
                0x00000001                ASSERT (((_vector_spacing == 0x0) || (SIZEOF (.vector_7) <= (_vector_spacing << 0x5))), function at exception vector 7 too large)

.vector_8       0x9d01f300        0x8
 *(.vector_8)
 .vector_8      0x9d01f300        0x8 c:/program files (x86)/microchip/xc32/v2.15/bin/bin/../../lib/gcc/pic32mx/4.8.3/../../../../pic32mx/lib\libpic32.a(vector8.o)
                0x9d01f300                __vector_dispatch_8
                0x00000001                ASSERT (((_vector_spacing == 0x0) || (SIZEOF (.vector_8) <= (_vector_spacing << 0x5))), function at exception vector 8 too large)

.vector_9       0x9d01f320        0x8
 *(.vector_9)
 .vector_9      0x9d01f320        0x8 c:/program files (x86)/microchip/xc32/v2.15/bin/bin/../../lib/gcc/pic32mx/4.8.3/../../../../pic32mx/lib\libpic32.a(vector9.o)
                0x9d01f320                __vector_dispatch_9
                0x00000001                ASSERT (((_vector_spacing == 0x0) || (SIZEOF (.vector_9) <= (_vector_spacing << 0x5))), function at exception vector 9 too large)

.vector_10      0x9d01f340        0x8
 *(.vector_10)
 .vector_10     0x9d01f340        0x8 c:/program files (x86)/microchip/xc32/v2.15/bin/bin/../../lib/gcc/pic32mx/4.8.3/../../../../pic32mx/lib\libpic32.a(vector10.o)
                0x9d01f340                __vector_dispatch_10
                0x00000001                ASSERT (((_vector_spacing == 0x0) || (SIZEOF (.vector_10) <= (_vector_spacing << 0x5))), function at exception vector 10 too large)

.vector_11      0x9d01f360        0x8
 *(.vector_11)
 .vector_11     0x9d01f360        0x8 c:/program files (x86)/microchip/xc32/v2.15/bin/bin/../../lib/gcc/pic32mx/4.8.3/../../../../pic32mx/lib\libpic32.a(vector11.o)
                0x9d01f360                __vector_dispatch_11
                0x00000001                ASSERT (((_vector_spacing == 0x0) || (SIZEOF (.vector_11) <= (_vector_spacing << 0x5))), function at exception vector 11 too large)

.vector_12      0x9d01f380        0x8
 *(.vector_12)
 .vector_12     0x9d01f380        0x8 c:/program files (x86)/microchip/xc32/v2.15/bin/bin/../../lib/gcc/pic32mx/4.8.3/../../../../pic32mx/lib\libpic32.a(vector12.o)
                0x9d01f380                __vector_dispatch_12
                0x00000001                ASSERT (((_vector_spacing == 0x0) || (SIZEOF (.vector_12) <= (_vector_spacing << 0x5))), function at exception vector 12 too large)

.vector_13      0x9d01f3a0        0x8
 *(.vector_13)
 .vector_13     0x9d01f3a0        0x8 c:/program files (x86)/microchip/xc32/v2.15/bin/bin/../../lib/gcc/pic32mx/4.8.3/../../../../pic32mx/lib\libpic32.a(vector13.o)
                0x9d01f3a0                __vector_dispatch_13
                0x00000001                ASSERT (((_vector_spacing == 0x0) || (SIZEOF (.vector_13) <= (_vector_spacing << 0x5))), function at exception vector 13 too large)

.vector_14      0x9d01f3c0        0x8
 *(.vector_14)
 .vector_14     0x9d01f3c0        0x8 c:/program files (x86)/microchip/xc32/v2.15/bin/bin/../../lib/gcc/pic32mx/4.8.3/../../../../pic32mx/lib\libpic32.a(vector14.o)
                0x9d01f3c0                __vector_dispatch_14
                0x00000001                ASSERT (((_vector_spacing == 0x0) || (SIZEOF (.vector_14) <= (_vector_spacing << 0x5))), function at exception vector 14 too large)

.vector_15      0x9d01f3e0        0x8
 *(.vector_15)
 .vector_15     0x9d01f3e0        0x8 c:/program files (x86)/microchip/xc32/v2.15/bin/bin/../../lib/gcc/pic32mx/4.8.3/../../../../pic32mx/lib\libpic32.a(vector15.o)
                0x9d01f3e0                __vector_dispatch_15
                0x00000001                ASSERT (((_vector_spacing == 0x0) || (SIZEOF (.vector_15) <= (_vector_spacing << 0x5))), function at exception vector 15 too large)

.vector_16      0x9d01f400        0x8
 *(.vector_16)
 .vector_16     0x9d01f400        0x8 c:/program files (x86)/microchip/xc32/v2.15/bin/bin/../../lib/gcc/pic32mx/4.8.3/../../../../pic32mx/lib\libpic32.a(vector16.o)
                0x9d01f400                __vector_dispatch_16
                0x00000001                ASSERT (((_vector_spacing == 0x0) || (SIZEOF (.vector_16) <= (_vector_spacing << 0x5))), function at exception vector 16 too large)

.vector_17      0x9d01f420        0x8
 *(.vector_17)
 .vector_17     0x9d01f420        0x8 c:/program files (x86)/microchip/xc32/v2.15/bin/bin/../../lib/gcc/pic32mx/4.8.3/../../../../pic32mx/lib\libpic32.a(vector17.o)
                0x9d01f420                __vector_dispatch_17
                0x00000001                ASSERT (((_vector_spacing == 0x0) || (SIZEOF (.vector_17) <= (_vector_spacing << 0x5))), function at exception vector 17 too large)

.vector_18      0x9d01f440        0x8
 *(.vector_18)
 .vector_18     0x9d01f440        0x8 c:/program files (x86)/microchip/xc32/v2.15/bin/bin/../../lib/gcc/pic32mx/4.8.3/../../../../pic32mx/lib\libpic32.a(vector18.o)
                0x9d01f440                __vector_dispatch_18
                0x00000001                ASSERT (((_vector_spacing == 0x0) || (SIZEOF (.vector_18) <= (_vector_spacing << 0x5))), function at exception vector 18 too large)

.vector_19      0x9d01f460        0x8
 *(.vector_19)
 .vector_19     0x9d01f460        0x8 c:/program files (x86)/microchip/xc32/v2.15/bin/bin/../../lib/gcc/pic32mx/4.8.3/../../../../pic32mx/lib\libpic32.a(vector19.o)
                0x9d01f460                __vector_dispatch_19
                0x00000001                ASSERT (((_vector_spacing == 0x0) || (SIZEOF (.vector_19) <= (_vector_spacing << 0x5))), function at exception vector 19 too large)

.vector_20      0x9d01f480        0x8
 *(.vector_20)
 .vector_20     0x9d01f480        0x8 c:/program files (x86)/microchip/xc32/v2.15/bin/bin/../../lib/gcc/pic32mx/4.8.3/../../../../pic32mx/lib\libpic32.a(vector20.o)
                0x9d01f480                __vector_dispatch_20
                0x00000001                ASSERT (((_vector_spacing == 0x0) || (SIZEOF (.vector_20) <= (_vector_spacing << 0x5))), function at exception vector 20 too large)

.vector_21      0x9d01f4a0        0x8
 *(.vector_21)
 .vector_21     0x9d01f4a0        0x8 c:/program files (x86)/microchip/xc32/v2.15/bin/bin/../../lib/gcc/pic32mx/4.8.3/../../../../pic32mx/lib\libpic32.a(vector21.o)
                0x9d01f4a0                __vector_dispatch_21
                0x00000001                ASSERT (((_vector_spacing == 0x0) || (SIZEOF (.vector_21) <= (_vector_spacing << 0x5))), function at exception vector 21 too large)

.vector_22      0x9d01f4c0        0x8
 *(.vector_22)
 .vector_22     0x9d01f4c0        0x8 c:/program files (x86)/microchip/xc32/v2.15/bin/bin/../../lib/gcc/pic32mx/4.8.3/../../../../pic32mx/lib\libpic32.a(vector22.o)
                0x9d01f4c0                __vector_dispatch_22
                0x00000001                ASSERT (((_vector_spacing == 0x0) || (SIZEOF (.vector_22) <= (_vector_spacing << 0x5))), function at exception vector 22 too large)

.vector_23      0x9d01f4e0        0x8
 *(.vector_23)
 .vector_23     0x9d01f4e0        0x8 c:/program files (x86)/microchip/xc32/v2.15/bin/bin/../../lib/gcc/pic32mx/4.8.3/../../../../pic32mx/lib\libpic32.a(vector23.o)
                0x9d01f4e0                __vector_dispatch_23
                0x00000001                ASSERT (((_vector_spacing == 0x0) || (SIZEOF (.vector_23) <= (_vector_spacing << 0x5))), function at exception vector 23 too large)

.vector_24      0x9d01f500        0x8
 *(.vector_24)
 .vector_24     0x9d01f500        0x8 c:/program files (x86)/microchip/xc32/v2.15/bin/bin/../../lib/gcc/pic32mx/4.8.3/../../../../pic32mx/lib\libpic32.a(vector24.o)
                0x9d01f500                __vector_dispatch_24
                0x00000001                ASSERT (((_vector_spacing == 0x0) || (SIZEOF (.vector_24) <= (_vector_spacing << 0x5))), function at exception vector 24 too large)

.vector_25      0x9d01f520        0x8
 *(.vector_25)
 .vector_25     0x9d01f520        0x8 c:/program files (x86)/microchip/xc32/v2.15/bin/bin/../../lib/gcc/pic32mx/4.8.3/../../../../pic32mx/lib\libpic32.a(vector25.o)
                0x9d01f520                __vector_dispatch_25
                0x00000001                ASSERT (((_vector_spacing == 0x0) || (SIZEOF (.vector_25) <= (_vector_spacing << 0x5))), function at exception vector 25 too large)

.vector_26      0x9d01f540        0x8
 *(.vector_26)
 .vector_26     0x9d01f540        0x8 c:/program files (x86)/microchip/xc32/v2.15/bin/bin/../../lib/gcc/pic32mx/4.8.3/../../../../pic32mx/lib\libpic32.a(vector26.o)
                0x9d01f540                __vector_dispatch_26
                0x00000001                ASSERT (((_vector_spacing == 0x0) || (SIZEOF (.vector_26) <= (_vector_spacing << 0x5))), function at exception vector 26 too large)

.vector_27      0x9d01f560        0x8
 *(.vector_27)
 .vector_27     0x9d01f560        0x8 c:/program files (x86)/microchip/xc32/v2.15/bin/bin/../../lib/gcc/pic32mx/4.8.3/../../../../pic32mx/lib\libpic32.a(vector27.o)
                0x9d01f560                __vector_dispatch_27
                0x00000001                ASSERT (((_vector_spacing == 0x0) || (SIZEOF (.vector_27) <= (_vector_spacing << 0x5))), function at exception vector 27 too large)

.vector_28      0x9d01f580        0x8
 *(.vector_28)
 .vector_28     0x9d01f580        0x8 c:/program files (x86)/microchip/xc32/v2.15/bin/bin/../../lib/gcc/pic32mx/4.8.3/../../../../pic32mx/lib\libpic32.a(vector28.o)
                0x9d01f580                __vector_dispatch_28
                0x00000001                ASSERT (((_vector_spacing == 0x0) || (SIZEOF (.vector_28) <= (_vector_spacing << 0x5))), function at exception vector 28 too large)

.vector_29      0x9d01f5a0        0x8
 *(.vector_29)
 .vector_29     0x9d01f5a0        0x8 c:/program files (x86)/microchip/xc32/v2.15/bin/bin/../../lib/gcc/pic32mx/4.8.3/../../../../pic32mx/lib\libpic32.a(vector29.o)
                0x9d01f5a0                __vector_dispatch_29
                0x00000001                ASSERT (((_vector_spacing == 0x0) || (SIZEOF (.vector_29) <= (_vector_spacing << 0x5))), function at exception vector 29 too large)

.vector_30      0x9d01f5c0        0x8
 *(.vector_30)
 .vector_30     0x9d01f5c0        0x8 build/default/production/_ext/1688732426/system_interrupt.o
                0x9d01f5c0                __vector_dispatch_30
                0x00000001                ASSERT (((_vector_spacing == 0x0) || (SIZEOF (.vector_30) <= (_vector_spacing << 0x5))), function at exception vector 30 too large)

.vector_31      0x9d01f5e0        0x8
 *(.vector_31)
 .vector_31     0x9d01f5e0        0x8 c:/program files (x86)/microchip/xc32/v2.15/bin/bin/../../lib/gcc/pic32mx/4.8.3/../../../../pic32mx/lib\libpic32.a(vector31.o)
                0x9d01f5e0                __vector_dispatch_31
                0x00000001                ASSERT (((_vector_spacing == 0x0) || (SIZEOF (.vector_31) <= (_vector_spacing << 0x5))), function at exception vector 31 too large)

.vector_32      0x9d01f600        0x8
 *(.vector_32)
 .vector_32     0x9d01f600        0x8 c:/program files (x86)/microchip/xc32/v2.15/bin/bin/../../lib/gcc/pic32mx/4.8.3/../../../../pic32mx/lib\libpic32.a(vector32.o)
                0x9d01f600                __vector_dispatch_32
                0x00000001                ASSERT (((_vector_spacing == 0x0) || (SIZEOF (.vector_32) <= (_vector_spacing << 0x5))), function at exception vector 32 too large)

.vector_33      0x9d01f620        0x8
 *(.vector_33)
 .vector_33     0x9d01f620        0x8 c:/program files (x86)/microchip/xc32/v2.15/bin/bin/../../lib/gcc/pic32mx/4.8.3/../../../../pic32mx/lib\libpic32.a(vector33.o)
                0x9d01f620                __vector_dispatch_33
                0x00000001                ASSERT (((_vector_spacing == 0x0) || (SIZEOF (.vector_33) <= (_vector_spacing << 0x5))), function at exception vector 33 too large)

.vector_34      0x9d01f640        0x8
 *(.vector_34)
 .vector_34     0x9d01f640        0x8 c:/program files (x86)/microchip/xc32/v2.15/bin/bin/../../lib/gcc/pic32mx/4.8.3/../../../../pic32mx/lib\libpic32.a(vector34.o)
                0x9d01f640                __vector_dispatch_34
                0x00000001                ASSERT (((_vector_spacing == 0x0) || (SIZEOF (.vector_34) <= (_vector_spacing << 0x5))), function at exception vector 34 too large)

.vector_35      0x9d01f660        0x8
 *(.vector_35)
 .vector_35     0x9d01f660        0x8 c:/program files (x86)/microchip/xc32/v2.15/bin/bin/../../lib/gcc/pic32mx/4.8.3/../../../../pic32mx/lib\libpic32.a(vector35.o)
                0x9d01f660                __vector_dispatch_35
                0x00000001                ASSERT (((_vector_spacing == 0x0) || (SIZEOF (.vector_35) <= (_vector_spacing << 0x5))), function at exception vector 35 too large)

.vector_36      0x9d01f680        0x8
 *(.vector_36)
 .vector_36     0x9d01f680        0x8 c:/program files (x86)/microchip/xc32/v2.15/bin/bin/../../lib/gcc/pic32mx/4.8.3/../../../../pic32mx/lib\libpic32.a(vector36.o)
                0x9d01f680                __vector_dispatch_36
                0x00000001                ASSERT (((_vector_spacing == 0x0) || (SIZEOF (.vector_36) <= (_vector_spacing << 0x5))), function at exception vector 36 too large)

.vector_37      0x9d01f6a0        0x8
 *(.vector_37)
 .vector_37     0x9d01f6a0        0x8 c:/program files (x86)/microchip/xc32/v2.15/bin/bin/../../lib/gcc/pic32mx/4.8.3/../../../../pic32mx/lib\libpic32.a(vector37.o)
                0x9d01f6a0                __vector_dispatch_37
                0x00000001                ASSERT (((_vector_spacing == 0x0) || (SIZEOF (.vector_37) <= (_vector_spacing << 0x5))), function at exception vector 37 too large)

.vector_38      0x9d01f6c0        0x8
 *(.vector_38)
 .vector_38     0x9d01f6c0        0x8 c:/program files (x86)/microchip/xc32/v2.15/bin/bin/../../lib/gcc/pic32mx/4.8.3/../../../../pic32mx/lib\libpic32.a(vector38.o)
                0x9d01f6c0                __vector_dispatch_38
                0x00000001                ASSERT (((_vector_spacing == 0x0) || (SIZEOF (.vector_38) <= (_vector_spacing << 0x5))), function at exception vector 38 too large)

.vector_39      0x9d01f6e0        0x8
 *(.vector_39)
 .vector_39     0x9d01f6e0        0x8 c:/program files (x86)/microchip/xc32/v2.15/bin/bin/../../lib/gcc/pic32mx/4.8.3/../../../../pic32mx/lib\libpic32.a(vector39.o)
                0x9d01f6e0                __vector_dispatch_39
                0x00000001                ASSERT (((_vector_spacing == 0x0) || (SIZEOF (.vector_39) <= (_vector_spacing << 0x5))), function at exception vector 39 too large)

.vector_40      0x9d01f700        0x8
 *(.vector_40)
 .vector_40     0x9d01f700        0x8 c:/program files (x86)/microchip/xc32/v2.15/bin/bin/../../lib/gcc/pic32mx/4.8.3/../../../../pic32mx/lib\libpic32.a(vector40.o)
                0x9d01f700                __vector_dispatch_40
                0x00000001                ASSERT (((_vector_spacing == 0x0) || (SIZEOF (.vector_40) <= (_vector_spacing << 0x5))), function at exception vector 40 too large)

.vector_41      0x9d01f720        0x8
 *(.vector_41)
 .vector_41     0x9d01f720        0x8 c:/program files (x86)/microchip/xc32/v2.15/bin/bin/../../lib/gcc/pic32mx/4.8.3/../../../../pic32mx/lib\libpic32.a(vector41.o)
                0x9d01f720                __vector_dispatch_41
                0x00000001                ASSERT (((_vector_spacing == 0x0) || (SIZEOF (.vector_41) <= (_vector_spacing << 0x5))), function at exception vector 41 too large)

.vector_42      0x9d01f740        0x8
 *(.vector_42)
 .vector_42     0x9d01f740        0x8 c:/program files (x86)/microchip/xc32/v2.15/bin/bin/../../lib/gcc/pic32mx/4.8.3/../../../../pic32mx/lib\libpic32.a(vector42.o)
                0x9d01f740                __vector_dispatch_42
                0x00000001                ASSERT (((_vector_spacing == 0x0) || (SIZEOF (.vector_42) <= (_vector_spacing << 0x5))), function at exception vector 42 too large)

.vector_43      0x9d01f760        0x8
 *(.vector_43)
 .vector_43     0x9d01f760        0x8 c:/program files (x86)/microchip/xc32/v2.15/bin/bin/../../lib/gcc/pic32mx/4.8.3/../../../../pic32mx/lib\libpic32.a(vector43.o)
                0x9d01f760                __vector_dispatch_43
                0x00000001                ASSERT (((_vector_spacing == 0x0) || (SIZEOF (.vector_43) <= (_vector_spacing << 0x5))), function at exception vector 43 too large)

.vector_44      0x9d01f780        0x0
 *(.vector_44)
                0x00000001                ASSERT (((_vector_spacing == 0x0) || (SIZEOF (.vector_44) <= (_vector_spacing << 0x5))), function at exception vector 44 too large)

.vector_45      0x9d01f7a0        0x0
 *(.vector_45)
                0x00000001                ASSERT (((_vector_spacing == 0x0) || (SIZEOF (.vector_45) <= (_vector_spacing << 0x5))), function at exception vector 45 too large)

.vector_46      0x9d01f7c0        0x0
 *(.vector_46)
                0x00000001                ASSERT (((_vector_spacing == 0x0) || (SIZEOF (.vector_46) <= (_vector_spacing << 0x5))), function at exception vector 46 too large)

.vector_47      0x9d01f7e0        0x0
 *(.vector_47)
                0x00000001                ASSERT (((_vector_spacing == 0x0) || (SIZEOF (.vector_47) <= (_vector_spacing << 0x5))), function at exception vector 47 too large)

.vector_48      0x9d01f800        0x0
 *(.vector_48)
                0x00000001                ASSERT (((_vector_spacing == 0x0) || (SIZEOF (.vector_48) <= (_vector_spacing << 0x5))), function at exception vector 48 too large)

.vector_49      0x9d01f820        0x0
 *(.vector_49)
                0x00000001                ASSERT (((_vector_spacing == 0x0) || (SIZEOF (.vector_49) <= (_vector_spacing << 0x5))), function at exception vector 49 too large)

.vector_50      0x9d01f840        0x0
 *(.vector_50)
                0x00000001                ASSERT (((_vector_spacing == 0x0) || (SIZEOF (.vector_50) <= (_vector_spacing << 0x5))), function at exception vector 50 too large)

.vector_51      0x9d01f860        0x0
 *(.vector_51)
                0x00000001                ASSERT (((_vector_spacing == 0x0) || (SIZEOF (.vector_51) <= (_vector_spacing << 0x5))), function at exception vector 51 too large)

.vector_52      0x9d01f880        0x0
 *(.vector_52)
                0x00000001                ASSERT (((_vector_spacing == 0x0) || (SIZEOF (.vector_52) <= (_vector_spacing << 0x5))), function at exception vector 52 too large)

.vector_53      0x9d01f8a0        0x0
 *(.vector_53)
                0x00000001                ASSERT (((_vector_spacing == 0x0) || (SIZEOF (.vector_53) <= (_vector_spacing << 0x5))), function at exception vector 53 too large)

.vector_54      0x9d01f8c0        0x0
 *(.vector_54)
                0x00000001                ASSERT (((_vector_spacing == 0x0) || (SIZEOF (.vector_54) <= (_vector_spacing << 0x5))), function at exception vector 54 too large)

.vector_55      0x9d01f8e0        0x0
 *(.vector_55)
                0x00000001                ASSERT (((_vector_spacing == 0x0) || (SIZEOF (.vector_55) <= (_vector_spacing << 0x5))), function at exception vector 55 too large)

.vector_56      0x9d01f900        0x0
 *(.vector_56)
                0x00000001                ASSERT (((_vector_spacing == 0x0) || (SIZEOF (.vector_56) <= (_vector_spacing << 0x5))), function at exception vector 56 too large)

.vector_57      0x9d01f920        0x0
 *(.vector_57)
                0x00000001                ASSERT (((_vector_spacing == 0x0) || (SIZEOF (.vector_57) <= (_vector_spacing << 0x5))), function at exception vector 57 too large)

.vector_58      0x9d01f940        0x0
 *(.vector_58)
                0x00000001                ASSERT (((_vector_spacing == 0x0) || (SIZEOF (.vector_58) <= (_vector_spacing << 0x5))), function at exception vector 58 too large)

.vector_59      0x9d01f960        0x0
 *(.vector_59)
                0x00000001                ASSERT (((_vector_spacing == 0x0) || (SIZEOF (.vector_59) <= (_vector_spacing << 0x5))), function at exception vector 59 too large)

.vector_60      0x9d01f980        0x0
 *(.vector_60)
                0x00000001                ASSERT (((_vector_spacing == 0x0) || (SIZEOF (.vector_60) <= (_vector_spacing << 0x5))), function at exception vector 60 too large)

.vector_61      0x9d01f9a0        0x0
 *(.vector_61)
                0x00000001                ASSERT (((_vector_spacing == 0x0) || (SIZEOF (.vector_61) <= (_vector_spacing << 0x5))), function at exception vector 61 too large)

.vector_62      0x9d01f9c0        0x0
 *(.vector_62)
                0x00000001                ASSERT (((_vector_spacing == 0x0) || (SIZEOF (.vector_62) <= (_vector_spacing << 0x5))), function at exception vector 62 too large)

.vector_63      0x9d01f9e0        0x0
 *(.vector_63)
                0x00000001                ASSERT (((_vector_spacing == 0x0) || (SIZEOF (.vector_63) <= (_vector_spacing << 0x5))), function at exception vector 63 too large)

.startup
 *(.startup)

.text           0x9d000000        0x0
 *(.stub .gnu.linkonce.t.*)
 *(.text.*personality*)
 *(.mips16.fn.*)
 *(.mips16.call.*)
 *(.gnu.warning)
                0x9d000000                . = ALIGN (0x4)

.init           0x9d000000        0x0
 *crti.o(.init)
 *crtbegin.o(.init)
 *(EXCLUDE_FILE(*crtn.o *crtend?.o *crtend.o) .init)
 *crtend.o(.init)
 *crtn.o(.init)
                0x9d000000                . = ALIGN (0x4)

.fini           0x9d000000        0x0
 *(.fini)
                0x9d000000                . = ALIGN (0x4)

.preinit_array  0x9d000000        0x0
                0x9d000000                PROVIDE (__preinit_array_start, .)
 *(.preinit_array)
                0x9d000000                PROVIDE (__preinit_array_end, .)
                0x9d000000                . = ALIGN (0x4)

.init_array     0x9d000000        0x0
                0x9d000000                PROVIDE (__init_array_start, .)
 *(SORT(.init_array.*))
 *(.init_array)
                0x9d000000                PROVIDE (__init_array_end, .)
                0x9d000000                . = ALIGN (0x4)

.fini_array     0x9d000000        0x0
                0x9d000000                PROVIDE (__fini_array_start, .)
 *(SORT(.fini_array.*))
 *(.fini_array)
                0x9d000000                PROVIDE (__fini_array_end, .)
                0x9d000000                . = ALIGN (0x4)

.ctors          0x9d000000        0x0
 *crtbegin.o(.ctors)
 *crtbegin?.o(.ctors)
 *(EXCLUDE_FILE(*crtend?.o *crtend.o) .ctors)
 *(SORT(.ctors.*))
 *(.ctors)
                0x9d000000                . = ALIGN (0x4)

.dtors          0x9d000000        0x0
 *crtbegin.o(.dtors)
 *crtbegin?.o(.dtors)
 *(EXCLUDE_FILE(*crtend?.o *crtend.o) .dtors)
 *(SORT(.dtors.*))
 *(.dtors)
                0x9d000000                . = ALIGN (0x4)

.rodata         0x9d000000        0x0
 *(.gnu.linkonce.r.*)
 *(.rodata1)
                0x9d000000                . = ALIGN (0x4)

.sdata2         0x9fc00490        0x0
 *(.sdata2 .sdata2.* .gnu.linkonce.s2.*)
                0x9fc00490                . = ALIGN (0x4)

.sbss2          0x9fc00490        0x0
 *(.sbss2 .sbss2.* .gnu.linkonce.sb2.*)
                0x9fc00490                . = ALIGN (0x4)

.eh_frame_hdr
 *(.eh_frame_hdr)
                0x9fc00490                . = ALIGN (0x4)

.eh_frame
 *(.eh_frame)
                0x9fc00490                . = ALIGN (0x4)

.gcc_except_table
 *(.gcc_except_table .gcc_except_table.*)
                0x9fc00490                . = ALIGN (0x4)

.dbg_data       0xa0000000        0x0
                0xa0000000                . = (. + DEFINED (_DEBUGGER)?0x200:0x0)

.jcr            0xa0000000        0x0
 *(.jcr)
                0xa0000000                . = ALIGN (0x4)

.eh_frame
 *(.eh_frame)
                0xa0000000                . = ALIGN (0x4)

.gcc_except_table
 *(.gcc_except_table .gcc_except_table.*)
                0xa0000000                . = ALIGN (0x4)

.persist        0xa0000000        0x0
                0xa0000000                _persist_begin = .
 *(.persist .persist.*)
 *(.pbss .pbss.*)
                0xa0000000                . = ALIGN (0x4)
                0xa0000000                _persist_end = .

.data           0xa0000000        0x0
 *(.gnu.linkonce.d.*)
 *(.data1)
                0xa0000000                . = ALIGN (0x4)
                0xa0000000                . = .
                0xa0007ff0                _gp = (ALIGN (0x10) + 0x7ff0)

.got            0xa0000000        0x0
 *(.got.plt)
 *(.got)
                0xa0000000                . = ALIGN (0x4)

.sdata          0xa0000000        0x0
                0xa0000000                _sdata_begin = .
 *(.sdata .sdata.* .gnu.linkonce.s.*)
                0xa0000000                . = ALIGN (0x4)
                0xa0000000                _sdata_end = .

.lit8
 *(.lit8)

.lit4
 *(.lit4)
                0xa0000000                . = ALIGN (0x4)
                0xa0000000                _data_end = .
                0xa0000000                _bss_begin = .

.sbss           0xa0000000       0x30
                0xa0000000                _sbss_begin = .
 *(.dynsbss)
 *(.sbss .sbss.* .gnu.linkonce.sb.*)
 .sbss          0xa0000000        0x2 build/default/production/_ext/1360937237/app.o
 *fill*         0xa0000002        0x2 
 .sbss          0xa0000004        0xc build/default/production/_ext/1688732426/system_exceptions.o
 .sbss          0xa0000010        0x1 build/default/production/_ext/2136756787/usb_device_hid.o
 *(.scommon)
 *fill*         0xa0000011        0x3 
 .scommon       0xa0000014        0x7 build/default/production/_ext/1360937237/app.o
                0xa0000014                mouseReportPrevious
                0xa0000018                mouseReport
 *fill*         0xa000001b        0x1 
 .scommon       0xa000001c        0x8 build/default/production/_ext/340578644/sys_devcon.o
                0xa000001c                sysDevconObj
 .scommon       0xa0000024        0x8 build/default/production/_ext/1688732426/system_init.o
                0xa0000024                sysObj
 .scommon       0xa000002c        0x2 build/default/production/_ext/2136756787/usb_device_hid.o
                0xa000002c                gUSBDeviceHidCommonDataObj
                0xa000002e                _sbss_end = .
                0xa0000030                . = ALIGN (0x4)
 *fill*         0xa000002e        0x2 

.bss            0xa0000200      0x328
 *(.dynbss)
 *(COMMON)
 COMMON         0xa0000200       0x28 build/default/production/_ext/1360937237/app.o
                0xa0000200                appData
 *fill*         0xa0000228      0x1d8 
 COMMON         0xa0000400       0x20 build/default/production/_ext/1688732426/system_init.o
                0xa0000400                endPointTable
 COMMON         0xa0000420       0x98 build/default/production/_ext/695388678/drv_usbfs.o
                0xa0000420                gDrvUSBGroup
 COMMON         0xa00004b8       0x70 build/default/production/_ext/2136756787/usb_device_hid.o
                0xa00004b8                gUsbDeviceHidInstance
                0xa00004e0                gUSBDeviceHIDIRP
                0xa0000528                . = ALIGN ((. != 0x0)?0x4:0x1)
                0xa0000528                . = ALIGN (0x4)
                0xa0000528                _end = .
                0xa0000528                _bss_end = .
                0x00008000                _bmxdudba_address = 0x8000
                0x00008000                _bmxdupba_address = 0x8000

/DISCARD/
 *(.pdr)
 *(.rel.dyn)
 *(.note.GNU-stack)
 *(.note.GNU-stack)
 *(.gnu_debuglink)
 *(.gnu.lto_*)
 *(.discard)

.gptab.sdata
 *(.gptab.data)
 *(.gptab.sdata)

.gptab.sbss
 *(.gptab.bss)
 *(.gptab.sbss)

.mdebug.abi32   0xa0000528        0x0
 *(.mdebug.abi32)
 .mdebug.abi32  0xa0000528        0x0 build/default/production/_ext/1360937237/app.o
 .mdebug.abi32  0xa0000528        0x0 build/default/production/_ext/639803181/sys_clk_pic32mx.o
 .mdebug.abi32  0xa0000528        0x0 build/default/production/_ext/340578644/sys_devcon.o
 .mdebug.abi32  0xa0000528        0x0 build/default/production/_ext/340578644/sys_devcon_pic32mx.o
 .mdebug.abi32  0xa0000528        0x0 build/default/production/_ext/822048611/sys_ports_static.o
 .mdebug.abi32  0xa0000528        0x0 build/default/production/_ext/74298950/bsp.o
 .mdebug.abi32  0xa0000528        0x0 build/default/production/_ext/1688732426/system_init.o
 .mdebug.abi32  0xa0000528        0x0 build/default/production/_ext/1688732426/system_interrupt.o
 .mdebug.abi32  0xa0000528        0x0 build/default/production/_ext/1688732426/system_exceptions.o
 .mdebug.abi32  0xa0000528        0x0 build/default/production/_ext/1360937237/main.o
 .mdebug.abi32  0xa0000528        0x0 build/default/production/_ext/1688732426/system_tasks.o
 .mdebug.abi32  0xa0000528        0x0 build/default/production/_ext/1735427962/sys_int_pic32.o
 .mdebug.abi32  0xa0000528        0x0 build/default/production/_ext/695388678/drv_usbfs.o
 .mdebug.abi32  0xa0000528        0x0 build/default/production/_ext/2136756787/usb_device.o
 .mdebug.abi32  0xa0000528        0x0 build/default/production/_ext/695388678/drv_usbfs_device.o
 .mdebug.abi32  0xa0000528        0x0 build/default/production/_ext/2136756787/usb_device_hid.o
 .mdebug.abi32  0xa0000528        0x0 build/default/production/_ext/1360937237/i2c_IMU.o
 .mdebug.abi32  0xa0000528        0x0 build/default/production/_ext/1360937237/i2c_master_noint.o
 .mdebug.abi32  0xa0000528        0x0 build/default/production/_ext/1360937237/mouse.o
 .mdebug.abi32  0xa0000528        0x0 c:/program files (x86)/microchip/xc32/v2.15/bin/bin/../../lib/gcc/pic32mx/4.8.3/../../../../pic32mx/lib\libpic32.a(default-bootstrap-exception-handler.o)
 .mdebug.abi32  0xa0000528        0x0 c:/program files (x86)/microchip/xc32/v2.15/bin/bin/../../lib/gcc/pic32mx/4.8.3/../../../../pic32mx/lib\libpic32.a(default-on-reset.o)
 .mdebug.abi32  0xa0000528        0x0 c:/program files (x86)/microchip/xc32/v2.15/bin/bin/../../lib/gcc/pic32mx/4.8.3/../../../../pic32mx/lib\libpic32.a(default-on-bootstrap.o)
 .mdebug.abi32  0xa0000528        0x0 c:/program files (x86)/microchip/xc32/v2.15/bin/bin/../../lib/gcc/pic32mx/4.8.3/../../../../pic32mx/lib\libpic32.a(defaultinterrupt.o)

.mdebug.abiN32
 *(.mdebug.abiN32)

.mdebug.abi64
 *(.mdebug.abi64)

.mdebug.abiO64
 *(.mdebug.abiO64)

.mdebug.eabi32
 *(.mdebug.eabi32)

.mdebug.eabi64
 *(.mdebug.eabi64)

.gcc_compiled_long32
 *(.gcc_compiled_long32)

.gcc_compiled_long64
 *(.gcc_compiled_long64)

.stab
 *(.stab)

.stabstr
 *(.stabstr)

.stab.excl
 *(.stab.excl)

.stab.exclstr
 *(.stab.exclstr)

.stab.index
 *(.stab.index)

.stab.indexstr
 *(.stab.indexstr)

.comment        0x00000000       0x54
 *(.comment)
 .comment       0x00000000       0x3c build/default/production/_ext/1360937237/app.o
                                 0x3d (size before relaxing)
 .comment       0x00000000       0x3d build/default/production/_ext/639803181/sys_clk_pic32mx.o
 .comment       0x00000000       0x3d build/default/production/_ext/340578644/sys_devcon.o
 .comment       0x00000000       0x3d build/default/production/_ext/340578644/sys_devcon_pic32mx.o
 .comment       0x00000000       0x3d build/default/production/_ext/822048611/sys_ports_static.o
 .comment       0x00000000       0x3d build/default/production/_ext/74298950/bsp.o
 .comment       0x00000000       0x3d build/default/production/_ext/1688732426/system_init.o
 .comment       0x00000000       0x3d build/default/production/_ext/1688732426/system_interrupt.o
 .comment       0x00000000       0x3d build/default/production/_ext/1688732426/system_exceptions.o
 .comment       0x00000000       0x3d build/default/production/_ext/1360937237/main.o
 .comment       0x00000000       0x3d build/default/production/_ext/1688732426/system_tasks.o
 .comment       0x00000000       0x3d build/default/production/_ext/1735427962/sys_int_pic32.o
 .comment       0x00000000       0x3d build/default/production/_ext/695388678/drv_usbfs.o
 .comment       0x00000000       0x3d build/default/production/_ext/2136756787/usb_device.o
 .comment       0x00000000       0x3d build/default/production/_ext/695388678/drv_usbfs_device.o
 .comment       0x00000000       0x3d build/default/production/_ext/2136756787/usb_device_hid.o
 .comment       0x00000000       0x3d build/default/production/_ext/1360937237/i2c_IMU.o
 .comment       0x00000000       0x3d build/default/production/_ext/1360937237/i2c_master_noint.o
 .comment       0x00000000       0x3d build/default/production/_ext/1360937237/mouse.o
 .comment       0x0000003c       0x18 c:/program files (x86)/microchip/xc32/v2.15/bin/bin/../../lib/gcc/pic32mx/4.8.3/../../../../pic32mx/lib\libpic32.a(memcmp.o)
                                 0x19 (size before relaxing)
 .comment       0x00000000       0x3d c:/program files (x86)/microchip/xc32/v2.15/bin/bin/../../lib/gcc/pic32mx/4.8.3/../../../../pic32mx/lib\libpic32.a(default-bootstrap-exception-handler.o)
 .comment       0x00000000       0x3d c:/program files (x86)/microchip/xc32/v2.15/bin/bin/../../lib/gcc/pic32mx/4.8.3/../../../../pic32mx/lib\libpic32.a(default-on-reset.o)
 .comment       0x00000000       0x3d c:/program files (x86)/microchip/xc32/v2.15/bin/bin/../../lib/gcc/pic32mx/4.8.3/../../../../pic32mx/lib\libpic32.a(default-on-bootstrap.o)
 .comment       0x00000000       0x3d c:/program files (x86)/microchip/xc32/v2.15/bin/bin/../../lib/gcc/pic32mx/4.8.3/../../../../pic32mx/lib\libpic32.a(defaultinterrupt.o)

.debug
 *(.debug)

.line
 *(.line)

.debug_srcinfo
 *(.debug_srcinfo)

.debug_sfnames
 *(.debug_sfnames)

.debug_aranges  0x00000000      0x7f8
 *(.debug_aranges)
 .debug_aranges
                0x00000000       0x38 build/default/production/_ext/1360937237/app.o
 .debug_aranges
                0x00000038       0x50 build/default/production/_ext/639803181/sys_clk_pic32mx.o
 .debug_aranges
                0x00000088       0x78 build/default/production/_ext/340578644/sys_devcon.o
 .debug_aranges
                0x00000100       0x20 build/default/production/_ext/340578644/sys_devcon_pic32mx.o
 .debug_aranges
                0x00000120      0x148 build/default/production/_ext/822048611/sys_ports_static.o
 .debug_aranges
                0x00000268       0x58 build/default/production/_ext/74298950/bsp.o
 .debug_aranges
                0x000002c0       0x20 build/default/production/_ext/1688732426/system_init.o
 .debug_aranges
                0x000002e0       0x20 build/default/production/_ext/1688732426/system_interrupt.o
 .debug_aranges
                0x00000300       0x20 build/default/production/_ext/1688732426/system_exceptions.o
 .debug_aranges
                0x00000320       0x20 build/default/production/_ext/1360937237/main.o
 .debug_aranges
                0x00000340       0x20 build/default/production/_ext/1688732426/system_tasks.o
 .debug_aranges
                0x00000360       0x48 build/default/production/_ext/1735427962/sys_int_pic32.o
 .debug_aranges
                0x000003a8       0x60 build/default/production/_ext/695388678/drv_usbfs.o
 .debug_aranges
                0x00000408      0x1a0 build/default/production/_ext/2136756787/usb_device.o
 .debug_aranges
                0x000005a8       0xc0 build/default/production/_ext/695388678/drv_usbfs_device.o
 .debug_aranges
                0x00000668       0x68 build/default/production/_ext/2136756787/usb_device_hid.o
 .debug_aranges
                0x000006d0       0x38 build/default/production/_ext/1360937237/i2c_IMU.o
 .debug_aranges
                0x00000708       0x50 build/default/production/_ext/1360937237/i2c_master_noint.o
 .debug_aranges
                0x00000758       0x20 build/default/production/_ext/1360937237/mouse.o
 .debug_aranges
                0x00000778       0x20 c:/program files (x86)/microchip/xc32/v2.15/bin/bin/../../lib/gcc/pic32mx/4.8.3/../../../../pic32mx/lib\libpic32.a(default-bootstrap-exception-handler.o)
 .debug_aranges
                0x00000798       0x20 c:/program files (x86)/microchip/xc32/v2.15/bin/bin/../../lib/gcc/pic32mx/4.8.3/../../../../pic32mx/lib\libpic32.a(default-on-reset.o)
 .debug_aranges
                0x000007b8       0x20 c:/program files (x86)/microchip/xc32/v2.15/bin/bin/../../lib/gcc/pic32mx/4.8.3/../../../../pic32mx/lib\libpic32.a(default-on-bootstrap.o)
 .debug_aranges
                0x000007d8       0x20 c:/program files (x86)/microchip/xc32/v2.15/bin/bin/../../lib/gcc/pic32mx/4.8.3/../../../../pic32mx/lib\libpic32.a(defaultinterrupt.o)

.debug_pubnames
 *(.debug_pubnames)

.debug_info     0x00000000    0x2a686
 *(.debug_info .gnu.linkonce.wi.*)
 .debug_info    0x00000000     0x22f8 build/default/production/_ext/1360937237/app.o
 .debug_info    0x000022f8     0x189d build/default/production/_ext/639803181/sys_clk_pic32mx.o
 .debug_info    0x00003b95     0x1653 build/default/production/_ext/340578644/sys_devcon.o
 .debug_info    0x000051e8     0x1075 build/default/production/_ext/340578644/sys_devcon_pic32mx.o
 .debug_info    0x0000625d     0x3d96 build/default/production/_ext/822048611/sys_ports_static.o
 .debug_info    0x00009ff3     0x1207 build/default/production/_ext/74298950/bsp.o
 .debug_info    0x0000b1fa     0x476d build/default/production/_ext/1688732426/system_init.o
 .debug_info    0x0000f967      0xc14 build/default/production/_ext/1688732426/system_interrupt.o
 .debug_info    0x0001057b     0x1567 build/default/production/_ext/1688732426/system_exceptions.o
 .debug_info    0x00011ae2      0x1ae build/default/production/_ext/1360937237/main.o
 .debug_info    0x00011c90      0xd6b build/default/production/_ext/1688732426/system_tasks.o
 .debug_info    0x000129fb     0x1123 build/default/production/_ext/1735427962/sys_int_pic32.o
 .debug_info    0x00013b1e     0x4998 build/default/production/_ext/695388678/drv_usbfs.o
 .debug_info    0x000184b6     0x5c71 build/default/production/_ext/2136756787/usb_device.o
 .debug_info    0x0001e127     0x7f98 build/default/production/_ext/695388678/drv_usbfs_device.o
 .debug_info    0x000260bf     0x32cf build/default/production/_ext/2136756787/usb_device_hid.o
 .debug_info    0x0002938e      0x4a5 build/default/production/_ext/1360937237/i2c_IMU.o
 .debug_info    0x00029833      0x61c build/default/production/_ext/1360937237/i2c_master_noint.o
 .debug_info    0x00029e4f      0x4a6 build/default/production/_ext/1360937237/mouse.o
 .debug_info    0x0002a2f5       0xf9 c:/program files (x86)/microchip/xc32/v2.15/bin/bin/../../lib/gcc/pic32mx/4.8.3/../../../../pic32mx/lib\libpic32.a(default-bootstrap-exception-handler.o)
 .debug_info    0x0002a3ee       0xd2 c:/program files (x86)/microchip/xc32/v2.15/bin/bin/../../lib/gcc/pic32mx/4.8.3/../../../../pic32mx/lib\libpic32.a(default-on-reset.o)
 .debug_info    0x0002a4c0       0xda c:/program files (x86)/microchip/xc32/v2.15/bin/bin/../../lib/gcc/pic32mx/4.8.3/../../../../pic32mx/lib\libpic32.a(default-on-bootstrap.o)
 .debug_info    0x0002a59a       0xec c:/program files (x86)/microchip/xc32/v2.15/bin/bin/../../lib/gcc/pic32mx/4.8.3/../../../../pic32mx/lib\libpic32.a(defaultinterrupt.o)

.debug_abbrev   0x00000000     0x2ccf
 *(.debug_abbrev)
 .debug_abbrev  0x00000000      0x26e build/default/production/_ext/1360937237/app.o
 .debug_abbrev  0x0000026e      0x26b build/default/production/_ext/639803181/sys_clk_pic32mx.o
 .debug_abbrev  0x000004d9      0x2a0 build/default/production/_ext/340578644/sys_devcon.o
 .debug_abbrev  0x00000779      0x204 build/default/production/_ext/340578644/sys_devcon_pic32mx.o
 .debug_abbrev  0x0000097d      0x28f build/default/production/_ext/822048611/sys_ports_static.o
 .debug_abbrev  0x00000c0c      0x276 build/default/production/_ext/74298950/bsp.o
 .debug_abbrev  0x00000e82      0x357 build/default/production/_ext/1688732426/system_init.o
 .debug_abbrev  0x000011d9      0x107 build/default/production/_ext/1688732426/system_interrupt.o
 .debug_abbrev  0x000012e0      0x109 build/default/production/_ext/1688732426/system_exceptions.o
 .debug_abbrev  0x000013e9       0x93 build/default/production/_ext/1360937237/main.o
 .debug_abbrev  0x0000147c      0x11a build/default/production/_ext/1688732426/system_tasks.o
 .debug_abbrev  0x00001596      0x237 build/default/production/_ext/1735427962/sys_int_pic32.o
 .debug_abbrev  0x000017cd      0x42b build/default/production/_ext/695388678/drv_usbfs.o
 .debug_abbrev  0x00001bf8      0x42f build/default/production/_ext/2136756787/usb_device.o
 .debug_abbrev  0x00002027      0x4bc build/default/production/_ext/695388678/drv_usbfs_device.o
 .debug_abbrev  0x000024e3      0x40f build/default/production/_ext/2136756787/usb_device_hid.o
 .debug_abbrev  0x000028f2      0x114 build/default/production/_ext/1360937237/i2c_IMU.o
 .debug_abbrev  0x00002a06      0x107 build/default/production/_ext/1360937237/i2c_master_noint.o
 .debug_abbrev  0x00002b0d      0x122 build/default/production/_ext/1360937237/mouse.o
 .debug_abbrev  0x00002c2f       0x28 c:/program files (x86)/microchip/xc32/v2.15/bin/bin/../../lib/gcc/pic32mx/4.8.3/../../../../pic32mx/lib\libpic32.a(default-bootstrap-exception-handler.o)
 .debug_abbrev  0x00002c57       0x28 c:/program files (x86)/microchip/xc32/v2.15/bin/bin/../../lib/gcc/pic32mx/4.8.3/../../../../pic32mx/lib\libpic32.a(default-on-reset.o)
 .debug_abbrev  0x00002c7f       0x28 c:/program files (x86)/microchip/xc32/v2.15/bin/bin/../../lib/gcc/pic32mx/4.8.3/../../../../pic32mx/lib\libpic32.a(default-on-bootstrap.o)
 .debug_abbrev  0x00002ca7       0x28 c:/program files (x86)/microchip/xc32/v2.15/bin/bin/../../lib/gcc/pic32mx/4.8.3/../../../../pic32mx/lib\libpic32.a(defaultinterrupt.o)

.debug_line     0x00000000     0x747e
 *(.debug_line)
 .debug_line    0x00000000      0x453 build/default/production/_ext/1360937237/app.o
 .debug_line    0x00000453      0x5ee build/default/production/_ext/639803181/sys_clk_pic32mx.o
 .debug_line    0x00000a41      0x864 build/default/production/_ext/340578644/sys_devcon.o
 .debug_line    0x000012a5      0x507 build/default/production/_ext/340578644/sys_devcon_pic32mx.o
 .debug_line    0x000017ac      0xaef build/default/production/_ext/822048611/sys_ports_static.o
 .debug_line    0x0000229b      0x565 build/default/production/_ext/74298950/bsp.o
 .debug_line    0x00002800      0xa3b build/default/production/_ext/1688732426/system_init.o
 .debug_line    0x0000323b      0x270 build/default/production/_ext/1688732426/system_interrupt.o
 .debug_line    0x000034ab      0x252 build/default/production/_ext/1688732426/system_exceptions.o
 .debug_line    0x000036fd      0x103 build/default/production/_ext/1360937237/main.o
 .debug_line    0x00003800      0x333 build/default/production/_ext/1688732426/system_tasks.o
 .debug_line    0x00003b33      0x3d5 build/default/production/_ext/1735427962/sys_int_pic32.o
 .debug_line    0x00003f08      0xacd build/default/production/_ext/695388678/drv_usbfs.o
 .debug_line    0x000049d5      0xbe3 build/default/production/_ext/2136756787/usb_device.o
 .debug_line    0x000055b8     0x112c build/default/production/_ext/695388678/drv_usbfs_device.o
 .debug_line    0x000066e4      0x751 build/default/production/_ext/2136756787/usb_device_hid.o
 .debug_line    0x00006e35       0xe4 build/default/production/_ext/1360937237/i2c_IMU.o
 .debug_line    0x00006f19      0x1a7 build/default/production/_ext/1360937237/i2c_master_noint.o
 .debug_line    0x000070c0      0x135 build/default/production/_ext/1360937237/mouse.o
 .debug_line    0x000071f5       0xab c:/program files (x86)/microchip/xc32/v2.15/bin/bin/../../lib/gcc/pic32mx/4.8.3/../../../../pic32mx/lib\libpic32.a(default-bootstrap-exception-handler.o)
 .debug_line    0x000072a0       0x98 c:/program files (x86)/microchip/xc32/v2.15/bin/bin/../../lib/gcc/pic32mx/4.8.3/../../../../pic32mx/lib\libpic32.a(default-on-reset.o)
 .debug_line    0x00007338       0x9c c:/program files (x86)/microchip/xc32/v2.15/bin/bin/../../lib/gcc/pic32mx/4.8.3/../../../../pic32mx/lib\libpic32.a(default-on-bootstrap.o)
 .debug_line    0x000073d4       0xaa c:/program files (x86)/microchip/xc32/v2.15/bin/bin/../../lib/gcc/pic32mx/4.8.3/../../../../pic32mx/lib\libpic32.a(defaultinterrupt.o)

.debug_frame    0x00000000     0x10e8
 *(.debug_frame)
 .debug_frame   0x00000000       0x74 build/default/production/_ext/1360937237/app.o
 .debug_frame   0x00000074       0xa0 build/default/production/_ext/639803181/sys_clk_pic32mx.o
 .debug_frame   0x00000114       0xe8 build/default/production/_ext/340578644/sys_devcon.o
 .debug_frame   0x000001fc       0x28 build/default/production/_ext/340578644/sys_devcon_pic32mx.o
 .debug_frame   0x00000224      0x270 build/default/production/_ext/822048611/sys_ports_static.o
 .debug_frame   0x00000494       0x98 build/default/production/_ext/74298950/bsp.o
 .debug_frame   0x0000052c       0x28 build/default/production/_ext/1688732426/system_init.o
 .debug_frame   0x00000554       0x64 build/default/production/_ext/1688732426/system_interrupt.o
 .debug_frame   0x000005b8       0x28 build/default/production/_ext/1688732426/system_exceptions.o
 .debug_frame   0x000005e0       0x28 build/default/production/_ext/1360937237/main.o
 .debug_frame   0x00000608       0x28 build/default/production/_ext/1688732426/system_tasks.o
 .debug_frame   0x00000630       0x90 build/default/production/_ext/1735427962/sys_int_pic32.o
 .debug_frame   0x000006c0       0xc8 build/default/production/_ext/695388678/drv_usbfs.o
 .debug_frame   0x00000788      0x4d8 build/default/production/_ext/2136756787/usb_device.o
 .debug_frame   0x00000c60      0x1e0 build/default/production/_ext/695388678/drv_usbfs_device.o
 .debug_frame   0x00000e40      0x100 build/default/production/_ext/2136756787/usb_device_hid.o
 .debug_frame   0x00000f40       0x7c build/default/production/_ext/1360937237/i2c_IMU.o
 .debug_frame   0x00000fbc       0x80 build/default/production/_ext/1360937237/i2c_master_noint.o
 .debug_frame   0x0000103c       0x20 build/default/production/_ext/1360937237/mouse.o
 .debug_frame   0x0000105c       0x2c c:/program files (x86)/microchip/xc32/v2.15/bin/bin/../../lib/gcc/pic32mx/4.8.3/../../../../pic32mx/lib\libpic32.a(default-bootstrap-exception-handler.o)
 .debug_frame   0x00001088       0x20 c:/program files (x86)/microchip/xc32/v2.15/bin/bin/../../lib/gcc/pic32mx/4.8.3/../../../../pic32mx/lib\libpic32.a(default-on-reset.o)
 .debug_frame   0x000010a8       0x20 c:/program files (x86)/microchip/xc32/v2.15/bin/bin/../../lib/gcc/pic32mx/4.8.3/../../../../pic32mx/lib\libpic32.a(default-on-bootstrap.o)
 .debug_frame   0x000010c8       0x20 c:/program files (x86)/microchip/xc32/v2.15/bin/bin/../../lib/gcc/pic32mx/4.8.3/../../../../pic32mx/lib\libpic32.a(defaultinterrupt.o)

.debug_str      0x00000000      0x830
 *(.debug_str)
 .debug_str     0x00000000       0x29 build/default/production/_ext/1360937237/app.o
 .debug_str     0x00000029       0x46 build/default/production/_ext/639803181/sys_clk_pic32mx.o
 .debug_str     0x0000006f       0x16 build/default/production/_ext/340578644/sys_devcon.o
 .debug_str     0x00000085        0x6 build/default/production/_ext/340578644/sys_devcon_pic32mx.o
 .debug_str     0x0000008b       0xa1 build/default/production/_ext/822048611/sys_ports_static.o
 .debug_str     0x0000012c       0x1b build/default/production/_ext/74298950/bsp.o
 .debug_str     0x00000147      0x119 build/default/production/_ext/1688732426/system_init.o
 .debug_str     0x00000260        0x0 build/default/production/_ext/1688732426/system_interrupt.o
 .debug_str     0x00000260        0x0 build/default/production/_ext/1688732426/system_exceptions.o
 .debug_str     0x00000260        0x0 build/default/production/_ext/1360937237/main.o
 .debug_str     0x00000260        0x0 build/default/production/_ext/1688732426/system_tasks.o
 .debug_str     0x00000260       0x1d build/default/production/_ext/1735427962/sys_int_pic32.o
 .debug_str     0x0000027d       0xa2 build/default/production/_ext/695388678/drv_usbfs.o
 .debug_str     0x0000031f      0x2d7 build/default/production/_ext/2136756787/usb_device.o
 .debug_str     0x000005f6      0x173 build/default/production/_ext/695388678/drv_usbfs_device.o
 .debug_str     0x00000769       0xc7 build/default/production/_ext/2136756787/usb_device_hid.o
 .debug_str     0x00000830        0x0 build/default/production/_ext/1360937237/i2c_IMU.o
 .debug_str     0x00000830        0x0 build/default/production/_ext/1360937237/i2c_master_noint.o
 .debug_str     0x00000830        0x0 build/default/production/_ext/1360937237/mouse.o
 .debug_str     0x00000830        0x0 c:/program files (x86)/microchip/xc32/v2.15/bin/bin/../../lib/gcc/pic32mx/4.8.3/../../../../pic32mx/lib\libpic32.a(default-bootstrap-exception-handler.o)
 .debug_str     0x00000830        0x0 c:/program files (x86)/microchip/xc32/v2.15/bin/bin/../../lib/gcc/pic32mx/4.8.3/../../../../pic32mx/lib\libpic32.a(default-on-reset.o)
 .debug_str     0x00000830        0x0 c:/program files (x86)/microchip/xc32/v2.15/bin/bin/../../lib/gcc/pic32mx/4.8.3/../../../../pic32mx/lib\libpic32.a(default-on-bootstrap.o)
 .debug_str     0x00000830        0x0 c:/program files (x86)/microchip/xc32/v2.15/bin/bin/../../lib/gcc/pic32mx/4.8.3/../../../../pic32mx/lib\libpic32.a(defaultinterrupt.o)

.debug_loc      0x00000000     0x648b
 *(.debug_loc)
 .debug_loc     0x00000000      0x2a0 build/default/production/_ext/1360937237/app.o
 .debug_loc     0x000002a0       0x49 build/default/production/_ext/639803181/sys_clk_pic32mx.o
 .debug_loc     0x000002e9       0xf0 build/default/production/_ext/340578644/sys_devcon.o
 .debug_loc     0x000003d9       0x91 build/default/production/_ext/340578644/sys_devcon_pic32mx.o
 .debug_loc     0x0000046a      0x7ca build/default/production/_ext/822048611/sys_ports_static.o
 .debug_loc     0x00000c34      0x1d2 build/default/production/_ext/74298950/bsp.o
 .debug_loc     0x00000e06       0x21 build/default/production/_ext/1688732426/system_init.o
 .debug_loc     0x00000e27       0x7c build/default/production/_ext/1735427962/sys_int_pic32.o
 .debug_loc     0x00000ea3      0x4d6 build/default/production/_ext/695388678/drv_usbfs.o
 .debug_loc     0x00001379     0x1f0b build/default/production/_ext/2136756787/usb_device.o
 .debug_loc     0x00003284     0x22ed build/default/production/_ext/695388678/drv_usbfs_device.o
 .debug_loc     0x00005571      0xd4c build/default/production/_ext/2136756787/usb_device_hid.o
 .debug_loc     0x000062bd      0x155 build/default/production/_ext/1360937237/i2c_IMU.o
 .debug_loc     0x00006412       0x21 build/default/production/_ext/1360937237/i2c_master_noint.o
 .debug_loc     0x00006433       0x2c build/default/production/_ext/1360937237/mouse.o
 .debug_loc     0x0000645f       0x2c c:/program files (x86)/microchip/xc32/v2.15/bin/bin/../../lib/gcc/pic32mx/4.8.3/../../../../pic32mx/lib\libpic32.a(default-bootstrap-exception-handler.o)

.debug_macinfo
 *(.debug_macinfo)

.debug_weaknames
 *(.debug_weaknames)

.debug_funcnames
 *(.debug_funcnames)

.debug_typenames
 *(.debug_typenames)

.debug_varnames
 *(.debug_varnames)

.debug_pubtypes
 *(.debug_pubtypes)

.debug_ranges   0x00000000      0x748
 *(.debug_ranges)
 .debug_ranges  0x00000000       0x28 build/default/production/_ext/1360937237/app.o
 .debug_ranges  0x00000028       0x40 build/default/production/_ext/639803181/sys_clk_pic32mx.o
 .debug_ranges  0x00000068       0x68 build/default/production/_ext/340578644/sys_devcon.o
 .debug_ranges  0x000000d0       0x10 build/default/production/_ext/340578644/sys_devcon_pic32mx.o
 .debug_ranges  0x000000e0      0x138 build/default/production/_ext/822048611/sys_ports_static.o
 .debug_ranges  0x00000218       0x60 build/default/production/_ext/74298950/bsp.o
 .debug_ranges  0x00000278       0x10 build/default/production/_ext/1688732426/system_init.o
 .debug_ranges  0x00000288       0x10 build/default/production/_ext/1688732426/system_interrupt.o
 .debug_ranges  0x00000298       0x10 build/default/production/_ext/1688732426/system_exceptions.o
 .debug_ranges  0x000002a8       0x10 build/default/production/_ext/1360937237/main.o
 .debug_ranges  0x000002b8       0x10 build/default/production/_ext/1688732426/system_tasks.o
 .debug_ranges  0x000002c8       0x50 build/default/production/_ext/1735427962/sys_int_pic32.o
 .debug_ranges  0x00000318       0x50 build/default/production/_ext/695388678/drv_usbfs.o
 .debug_ranges  0x00000368      0x190 build/default/production/_ext/2136756787/usb_device.o
 .debug_ranges  0x000004f8      0x140 build/default/production/_ext/695388678/drv_usbfs_device.o
 .debug_ranges  0x00000638       0x58 build/default/production/_ext/2136756787/usb_device_hid.o
 .debug_ranges  0x00000690       0x28 build/default/production/_ext/1360937237/i2c_IMU.o
 .debug_ranges  0x000006b8       0x40 build/default/production/_ext/1360937237/i2c_master_noint.o
 .debug_ranges  0x000006f8       0x10 build/default/production/_ext/1360937237/mouse.o
 .debug_ranges  0x00000708       0x10 c:/program files (x86)/microchip/xc32/v2.15/bin/bin/../../lib/gcc/pic32mx/4.8.3/../../../../pic32mx/lib\libpic32.a(default-bootstrap-exception-handler.o)
 .debug_ranges  0x00000718       0x10 c:/program files (x86)/microchip/xc32/v2.15/bin/bin/../../lib/gcc/pic32mx/4.8.3/../../../../pic32mx/lib\libpic32.a(default-on-reset.o)
 .debug_ranges  0x00000728       0x10 c:/program files (x86)/microchip/xc32/v2.15/bin/bin/../../lib/gcc/pic32mx/4.8.3/../../../../pic32mx/lib\libpic32.a(default-on-bootstrap.o)
 .debug_ranges  0x00000738       0x10 c:/program files (x86)/microchip/xc32/v2.15/bin/bin/../../lib/gcc/pic32mx/4.8.3/../../../../pic32mx/lib\libpic32.a(defaultinterrupt.o)

.gnu.attributes
                0x00000000       0x10
 *(.gnu.attributes)
 .gnu.attributes
                0x00000000       0x10 build/default/production/_ext/1360937237/app.o
 .gnu.attributes
                0x00000010       0x10 build/default/production/_ext/639803181/sys_clk_pic32mx.o
 .gnu.attributes
                0x00000020       0x10 build/default/production/_ext/340578644/sys_devcon.o
 .gnu.attributes
                0x00000030       0x10 build/default/production/_ext/340578644/sys_devcon_pic32mx.o
 .gnu.attributes
                0x00000040       0x10 build/default/production/_ext/822048611/sys_ports_static.o
 .gnu.attributes
                0x00000050       0x10 build/default/production/_ext/74298950/bsp.o
 .gnu.attributes
                0x00000060       0x10 build/default/production/_ext/1688732426/system_init.o
 .gnu.attributes
                0x00000070       0x10 build/default/production/_ext/1688732426/system_interrupt.o
 .gnu.attributes
                0x00000080       0x10 build/default/production/_ext/1688732426/system_exceptions.o
 .gnu.attributes
                0x00000090       0x10 build/default/production/_ext/1360937237/main.o
 .gnu.attributes
                0x000000a0       0x10 build/default/production/_ext/1688732426/system_tasks.o
 .gnu.attributes
                0x000000b0       0x10 build/default/production/_ext/1735427962/sys_int_pic32.o
 .gnu.attributes
                0x000000c0       0x10 build/default/production/_ext/695388678/drv_usbfs.o
 .gnu.attributes
                0x000000d0       0x10 build/default/production/_ext/2136756787/usb_device.o
 .gnu.attributes
                0x000000e0       0x10 build/default/production/_ext/695388678/drv_usbfs_device.o
 .gnu.attributes
                0x000000f0       0x10 build/default/production/_ext/2136756787/usb_device_hid.o
 .gnu.attributes
                0x00000100       0x10 build/default/production/_ext/1360937237/i2c_IMU.o
 .gnu.attributes
                0x00000110       0x10 build/default/production/_ext/1360937237/i2c_master_noint.o
 .gnu.attributes
                0x00000120       0x10 build/default/production/_ext/1360937237/mouse.o
 .gnu.attributes
                0x00000130       0x10 c:/program files (x86)/microchip/xc32/v2.15/bin/bin/../../lib/gcc/pic32mx/4.8.3/../../../../pic32mx/lib\libpic32.a(default-bootstrap-exception-handler.o)
 .gnu.attributes
                0x00000140       0x10 c:/program files (x86)/microchip/xc32/v2.15/bin/bin/../../lib/gcc/pic32mx/4.8.3/../../../../pic32mx/lib\libpic32.a(default-on-reset.o)
 .gnu.attributes
                0x00000150       0x10 c:/program files (x86)/microchip/xc32/v2.15/bin/bin/../../lib/gcc/pic32mx/4.8.3/../../../../pic32mx/lib\libpic32.a(default-on-bootstrap.o)
 .gnu.attributes
                0x00000160       0x10 c:/program files (x86)/microchip/xc32/v2.15/bin/bin/../../lib/gcc/pic32mx/4.8.3/../../../../pic32mx/lib\libpic32.a(defaultinterrupt.o)
LOAD c:/program files (x86)/microchip/xc32/v2.15/bin/bin/../../lib/gcc/pic32mx/4.8.3\libgcc.a
START GROUP
LOAD c:/program files (x86)/microchip/xc32/v2.15/bin/bin/../../lib/gcc/pic32mx/4.8.3/../../../../pic32mx/lib\libpic32.a
LOAD c:/program files (x86)/microchip/xc32/v2.15/bin/bin/../../lib/gcc/pic32mx/4.8.3/../../../../pic32mx/lib\libdebug.a
LOAD c:/program files (x86)/microchip/xc32/v2.15/bin/bin/../../lib/gcc/pic32mx/4.8.3/../../../../pic32mx/lib\libpic32.a
LOAD c:/program files (x86)/microchip/xc32/v2.15/bin/bin/../../lib/gcc/pic32mx/4.8.3/../../../../pic32mx/lib\libc.a
LOAD c:/program files (x86)/microchip/xc32/v2.15/bin/bin/../../lib/gcc/pic32mx/4.8.3/../../../../pic32mx/lib\libc.a
LOAD c:/program files (x86)/microchip/xc32/v2.15/bin/bin/../../lib/gcc/pic32mx/4.8.3/../../../../pic32mx/lib\libm.a
LOAD c:/program files (x86)/microchip/xc32/v2.15/bin/bin/../../lib/gcc/pic32mx/4.8.3/../../../../pic32mx/lib\libe.a
LOAD c:/program files (x86)/microchip/xc32/v2.15/bin/bin/../../lib/gcc/pic32mx/4.8.3/../../../../pic32mx/lib\libdsp.a
LOAD c:/program files (x86)/microchip/xc32/v2.15/bin/bin/../../lib/gcc/pic32mx/4.8.3\libgcc.a
LOAD c:/program files (x86)/microchip/xc32/v2.15/bin/bin/../../lib/gcc/pic32mx/4.8.3/../../../../pic32mx/lib\libpic32.a
END GROUP
LOAD c:/program files (x86)/microchip/xc32/v2.15/bin/bin/../../lib/gcc/pic32mx/4.8.3\libgcc.a
OUTPUT(dist/default/production/HW12.X.production.elf elf32-tradlittlemips)
LOAD stack
LOAD data_init

.reginfo        0x00000000       0x18
 .reginfo       0x00000000       0x18 c:/program files (x86)/microchip/xc32/v2.15/bin/bin/../../lib/gcc/pic32mx/4.8.3/../../../../pic32mx/lib\debug-exception-return.o

.stack          0xa0000748      0x400
 .stack         0xa0000748      0x400 stack

.bss            0xa0000030       0xbc
 .bss           0xa0000030       0xbc build/default/production/_ext/2136756787/usb_device.o

.data           0xa00000ec       0x50
 .data          0xa00000ec       0x50 build/default/production/_ext/695388678/drv_usbfs_device.o
                0xa00000ec                gDrvUSBFSDeviceInterface

._debug_exception
                0xbfc00480       0x2c
 ._debug_exception
                0xbfc00480       0x2c c:/program files (x86)/microchip/xc32/v2.15/bin/bin/../../lib/gcc/pic32mx/4.8.3/../../../../pic32mx/lib\debug-exception-return.o
                0xbfc00480                __DbgExecReturn

.text._DRV_USBFS_DEVICE_Tasks_ISR
                0x9d000000      0x664
 .text._DRV_USBFS_DEVICE_Tasks_ISR
                0x9d000000      0x664 build/default/production/_ext/695388678/drv_usbfs_device.o
                0x9d000000                _DRV_USBFS_DEVICE_Tasks_ISR

.text._USB_DEVICE_HID_ControlTransferHandler
                0x9d000664      0x2fc
 .text._USB_DEVICE_HID_ControlTransferHandler
                0x9d000664      0x2fc build/default/production/_ext/2136756787/usb_device_hid.o
                0x9d000664                _USB_DEVICE_HID_ControlTransferHandler

.text.DRV_USBFS_DEVICE_IRPSubmit
                0x9d000960      0x22c
 .text.DRV_USBFS_DEVICE_IRPSubmit
                0x9d000960      0x22c build/default/production/_ext/695388678/drv_usbfs_device.o
                0x9d000960                DRV_USBFS_DEVICE_IRPSubmit

.text.APP_Tasks
                0x9d000b8c      0x220
 .text.APP_Tasks
                0x9d000b8c      0x220 build/default/production/_ext/1360937237/app.o
                0x9d000b8c                APP_Tasks

.text._USB_DEVICE_EventHandler
                0x9d000dac      0x218
 .text._USB_DEVICE_EventHandler
                0x9d000dac      0x218 build/default/production/_ext/2136756787/usb_device.o
                0x9d000dac                _USB_DEVICE_EventHandler

.text._USB_DEVICE_ProcessStandardDeviceSetRequests
                0x9d000fc4      0x214
 .text._USB_DEVICE_ProcessStandardDeviceSetRequests
                0x9d000fc4      0x214 build/default/production/_ext/2136756787/usb_device.o
                0x9d000fc4                _USB_DEVICE_ProcessStandardDeviceSetRequests

.text._USB_DEVICE_ProcessStandardDeviceGetRequests
                0x9d0011d8      0x20c
 .text._USB_DEVICE_ProcessStandardDeviceGetRequests
                0x9d0011d8      0x20c build/default/production/_ext/2136756787/usb_device.o
                0x9d0011d8                _USB_DEVICE_ProcessStandardDeviceGetRequests

.text._USB_DEVICE_ControlTransferHandler
                0x9d0013e4      0x1fc
 .text._USB_DEVICE_ControlTransferHandler
                0x9d0013e4      0x1fc build/default/production/_ext/2136756787/usb_device.o
                0x9d0013e4                _USB_DEVICE_ControlTransferHandler

.text.DRV_USBFS_DEVICE_EndpointStallClear
                0x9d0015e0      0x1c8
 .text.DRV_USBFS_DEVICE_EndpointStallClear
                0x9d0015e0      0x1c8 build/default/production/_ext/695388678/drv_usbfs_device.o
                0x9d0015e0                DRV_USBFS_DEVICE_EndpointStallClear

.text.DRV_USBFS_DEVICE_EndpointStall
                0x9d0017a8      0x1b8
 .text.DRV_USBFS_DEVICE_EndpointStall
                0x9d0017a8      0x1b8 build/default/production/_ext/695388678/drv_usbfs_device.o
                0x9d0017a8                DRV_USBFS_DEVICE_EndpointStall

.text.DRV_USBFS_DEVICE_EndpointEnable
                0x9d001960      0x198
 .text.DRV_USBFS_DEVICE_EndpointEnable
                0x9d001960      0x198 build/default/production/_ext/695388678/drv_usbfs_device.o
                0x9d001960                DRV_USBFS_DEVICE_EndpointEnable

.rodata         0x9d001af8      0x18c
 .rodata        0x9d001af8      0x18c build/default/production/_ext/1688732426/system_init.o
                0x9d001af8                usbDevInitData
                0x9d001b2c                usbMasterDescriptor
                0x9d001b58                stringDescriptors
                0x9d001b64                sd002
                0x9d001b84                sd001
                0x9d001bb8                sd000
                0x9d001bbc                fullSpeedConfigDescSet
                0x9d001bc0                fullSpeedConfigurationDescriptor
                0x9d001bec                deviceDescriptor
                0x9d001c00                funcRegistrationTable
                0x9d001c14                hidInit0
                0x9d001c24                hid_rpt0
                0x9d001c58                drvUSBFSInit

.text._USB_DEVICE_Ep0ReceiveCompleteCallback
                0x9d001c84      0x184
 .text._USB_DEVICE_Ep0ReceiveCompleteCallback
                0x9d001c84      0x184 build/default/production/_ext/2136756787/usb_device.o
                0x9d001c84                _USB_DEVICE_Ep0ReceiveCompleteCallback

.text.USB_DEVICE_Tasks
                0x9d001e08      0x170
 .text.USB_DEVICE_Tasks
                0x9d001e08      0x170 build/default/production/_ext/2136756787/usb_device.o
                0x9d001e08                USB_DEVICE_Tasks

.text.USB_DEVICE_HID_ReportSend
                0x9d001f78      0x170
 .text.USB_DEVICE_HID_ReportSend
                0x9d001f78      0x170 build/default/production/_ext/2136756787/usb_device_hid.o
                0x9d001f78                USB_DEVICE_HID_ReportSend

.text           0x9d0020e8      0x168
 .text          0x9d0020e8      0x168 c:/program files (x86)/microchip/xc32/v2.15/bin/bin/../../lib/gcc/pic32mx/4.8.3/../../../../pic32mx/lib\libpic32.a(memcpy.o)
                0x9d0020e8                memcpy

.text.USB_DEVICE_Initialize
                0x9d002250      0x15c
 .text.USB_DEVICE_Initialize
                0x9d002250      0x15c build/default/production/_ext/2136756787/usb_device.o
                0x9d002250                USB_DEVICE_Initialize

.text.DRV_USBFS_DEVICE_IRPCancelAll
                0x9d0023ac      0x158
 .text.DRV_USBFS_DEVICE_IRPCancelAll
                0x9d0023ac      0x158 build/default/production/_ext/695388678/drv_usbfs_device.o
                0x9d0023ac                DRV_USBFS_DEVICE_IRPCancelAll

.text.DRV_USBFS_DEVICE_EndpointDisable
                0x9d002504      0x140
 .text.DRV_USBFS_DEVICE_EndpointDisable
                0x9d002504      0x140 build/default/production/_ext/695388678/drv_usbfs_device.o
                0x9d002504                DRV_USBFS_DEVICE_EndpointDisable

.text._USB_DEVICE_HID_InitializeByDescriptorType
                0x9d002644      0x140
 .text._USB_DEVICE_HID_InitializeByDescriptorType
                0x9d002644      0x140 build/default/production/_ext/2136756787/usb_device_hid.o
                0x9d002644                _USB_DEVICE_HID_InitializeByDescriptorType

.text.DRV_USBFS_Initialize
                0x9d002784      0x138
 .text.DRV_USBFS_Initialize
                0x9d002784      0x138 build/default/production/_ext/695388678/drv_usbfs.o
                0x9d002784                DRV_USBFS_Initialize

.text._IntHandlerUSBInstance0
                0x9d0028bc      0x130
 .text._IntHandlerUSBInstance0
                0x9d0028bc      0x130 build/default/production/_ext/1688732426/system_interrupt.o
                0x9d0028bc                _IntHandlerUSBInstance0

.text.DRV_USBFS_DEVICE_IRPCancel
                0x9d0029ec      0x130
 .text.DRV_USBFS_DEVICE_IRPCancel
                0x9d0029ec      0x130 build/default/production/_ext/695388678/drv_usbfs_device.o
                0x9d0029ec                DRV_USBFS_DEVICE_IRPCancel

.rodata         0x9d002b1c      0x128
 .rodata        0x9d002b1c      0x128 build/default/production/_ext/1688732426/system_exceptions.o

.text._USB_DEVICE_ConfigureDevice
                0x9d002c44      0x100
 .text._USB_DEVICE_ConfigureDevice
                0x9d002c44      0x100 build/default/production/_ext/2136756787/usb_device.o
                0x9d002c44                _USB_DEVICE_ConfigureDevice

.text._USB_DEVICE_ProcessStandardEndpointRequest
                0x9d002d44      0x100
 .text._USB_DEVICE_ProcessStandardEndpointRequest
                0x9d002d44      0x100 build/default/production/_ext/2136756787/usb_device.o
                0x9d002d44                _USB_DEVICE_ProcessStandardEndpointRequest

.text.APP_USBDeviceEventHandler
                0x9d002e44       0xf8
 .text.APP_USBDeviceEventHandler
                0x9d002e44       0xf8 build/default/production/_ext/1360937237/app.o
                0x9d002e44                APP_USBDeviceEventHandler

.text.general_exception
                0x9d002f3c       0xdc
 .text.general_exception
                0x9d002f3c       0xdc c:/program files (x86)/microchip/xc32/v2.15/bin/bin/../../lib/gcc/pic32mx/4.8.3/../../../../pic32mx/lib\libpic32.a(general-exception.o)
                0x9d002f3c                _general_exception_context

.text._DRV_USBFS_DEVICE_EndpointBDTEntryArm
                0x9d003018       0xd8
 .text._DRV_USBFS_DEVICE_EndpointBDTEntryArm
                0x9d003018       0xd8 build/default/production/_ext/695388678/drv_usbfs_device.o
                0x9d003018                _DRV_USBFS_DEVICE_EndpointBDTEntryArm

.text._USB_DEVICE_GetStringDescriptorRequestProcess
                0x9d0030f0       0xd4
 .text._USB_DEVICE_GetStringDescriptorRequestProcess
                0x9d0030f0       0xd4 build/default/production/_ext/2136756787/usb_device.o
                0x9d0030f0                _USB_DEVICE_GetStringDescriptorRequestProcess

.text.APP_USBDeviceHIDEventHandler
                0x9d0031c4       0xd0
 .text.APP_USBDeviceHIDEventHandler
                0x9d0031c4       0xd0 build/default/production/_ext/1360937237/app.o
                0x9d0031c4                APP_USBDeviceHIDEventHandler

.text.SYS_Initialize
                0x9d003294       0xc8
 .text.SYS_Initialize
                0x9d003294       0xc8 build/default/production/_ext/1688732426/system_init.o
                0x9d003294                SYS_Initialize

.text._USB_DEVICE_Ep0TransmitCompleteCallback
                0x9d00335c       0xc0
 .text._USB_DEVICE_Ep0TransmitCompleteCallback
                0x9d00335c       0xc0 build/default/production/_ext/2136756787/usb_device.o
                0x9d00335c                _USB_DEVICE_Ep0TransmitCompleteCallback

.dinit          0x9d00341c       0xc0
 .dinit         0x9d00341c       0xc0 data_init

.text._USB_DEVICE_HID_ReportSendCallBack
                0x9d0034dc       0xb0
 .text._USB_DEVICE_HID_ReportSendCallBack
                0x9d0034dc       0xb0 build/default/production/_ext/2136756787/usb_device_hid.o
                0x9d0034dc                _USB_DEVICE_HID_ReportSendCallBack

.text._USB_DEVICE_DeInitializeAllFunctionDrivers
                0x9d00358c       0xa8
 .text._USB_DEVICE_DeInitializeAllFunctionDrivers
                0x9d00358c       0xa8 build/default/production/_ext/2136756787/usb_device.o
                0x9d00358c                _USB_DEVICE_DeInitializeAllFunctionDrivers

.text._USB_DEVICE_ForwardControlXfrToFunction
                0x9d003634       0x9c
 .text._USB_DEVICE_ForwardControlXfrToFunction
                0x9d003634       0x9c build/default/production/_ext/2136756787/usb_device.o
                0x9d003634                _USB_DEVICE_ForwardControlXfrToFunction

.text           0x9d0036d0       0x98
 .text          0x9d0036d0       0x98 c:/program files (x86)/microchip/xc32/v2.15/bin/bin/../../lib/gcc/pic32mx/4.8.3/../../../../pic32mx/lib\libpic32.a(memcmp.o)
                0x9d0036d0                memcmp

.text._USB_DEVICE_HID_DeInitialize
                0x9d003768       0x88
 .text._USB_DEVICE_HID_DeInitialize
                0x9d003768       0x88 build/default/production/_ext/2136756787/usb_device_hid.o
                0x9d003768                _USB_DEVICE_HID_DeInitialize

.text.DRV_USBFS_Tasks_ISR
                0x9d0037f0       0x84
 .text.DRV_USBFS_Tasks_ISR
                0x9d0037f0       0x84 build/default/production/_ext/695388678/drv_usbfs.o
                0x9d0037f0                DRV_USBFS_Tasks_ISR

.text._USB_DEVICE_GetFunctionDriverEntryByInterface
                0x9d003874       0x84
 .text._USB_DEVICE_GetFunctionDriverEntryByInterface
                0x9d003874       0x84 build/default/production/_ext/2136756787/usb_device.o
                0x9d003874                _USB_DEVICE_GetFunctionDriverEntryByInterface

.text._USB_DEVICE_FindEndpoint
                0x9d0038f8       0x84
 .text._USB_DEVICE_FindEndpoint
                0x9d0038f8       0x84 build/default/production/_ext/2136756787/usb_device.o
                0x9d0038f8                _USB_DEVICE_FindEndpoint

.text.USB_DEVICE_ControlSend
                0x9d00397c       0x84
 .text.USB_DEVICE_ControlSend
                0x9d00397c       0x84 build/default/production/_ext/2136756787/usb_device.o
                0x9d00397c                USB_DEVICE_ControlSend

.text           0x9d003a00       0x84
 .text          0x9d003a00       0x84 c:/program files (x86)/microchip/xc32/v2.15/bin/bin/../../lib/gcc/pic32mx/4.8.3/../../../../pic32mx/lib\libpic32.a(pic32_data_init.o)
                0x9d003a00                __pic32_data_init

.text.USB_DEVICE_ControlStatus
                0x9d003a84       0x7c
 .text.USB_DEVICE_ControlStatus
                0x9d003a84       0x7c build/default/production/_ext/2136756787/usb_device.o
                0x9d003a84                USB_DEVICE_ControlStatus

.text.DRV_USBFS_DEVICE_Attach
                0x9d003b00       0x70
 .text.DRV_USBFS_DEVICE_Attach
                0x9d003b00       0x70 build/default/production/_ext/695388678/drv_usbfs_device.o
                0x9d003b00                DRV_USBFS_DEVICE_Attach

.text.DRV_USBFS_ClientEventCallBackSet
                0x9d003b70       0x6c
 .text.DRV_USBFS_ClientEventCallBackSet
                0x9d003b70       0x6c build/default/production/_ext/695388678/drv_usbfs.o
                0x9d003b70                DRV_USBFS_ClientEventCallBackSet

.text._DRV_USBFS_DEVICE_IRPQueueFlush
                0x9d003bdc       0x68
 .text._DRV_USBFS_DEVICE_IRPQueueFlush
                0x9d003bdc       0x68 build/default/production/_ext/695388678/drv_usbfs_device.o
                0x9d003bdc                _DRV_USBFS_DEVICE_IRPQueueFlush

.text.SYS_PORTS_Initialize
                0x9d003c44       0x5c
 .text.SYS_PORTS_Initialize
                0x9d003c44       0x5c build/default/production/_ext/822048611/sys_ports_static.o
                0x9d003c44                SYS_PORTS_Initialize

.text.USB_DEVICE_EndpointEnable
                0x9d003ca0       0x5c
 .text.USB_DEVICE_EndpointEnable
                0x9d003ca0       0x5c build/default/production/_ext/2136756787/usb_device.o
                0x9d003ca0                USB_DEVICE_EndpointEnable

.text.SYS_CLK_Initialize
                0x9d003cfc       0x58
 .text.SYS_CLK_Initialize
                0x9d003cfc       0x58 build/default/production/_ext/639803181/sys_clk_pic32mx.o
                0x9d003cfc                SYS_CLK_Initialize

.text.SYS_DEVCON_SystemUnlock
                0x9d003d54       0x58
 .text.SYS_DEVCON_SystemUnlock
                0x9d003d54       0x58 build/default/production/_ext/340578644/sys_devcon.o
                0x9d003d54                SYS_DEVCON_SystemUnlock

.text.SYS_DEVCON_PerformanceConfig
                0x9d003dac       0x58
 .text.SYS_DEVCON_PerformanceConfig
                0x9d003dac       0x58 build/default/production/_ext/340578644/sys_devcon_pic32mx.o
                0x9d003dac                SYS_DEVCON_PerformanceConfig

.text.USB_DEVICE_EventHandlerSet
                0x9d003e04       0x58
 .text.USB_DEVICE_EventHandlerSet
                0x9d003e04       0x58 build/default/production/_ext/2136756787/usb_device.o
                0x9d003e04                USB_DEVICE_EventHandlerSet

.text.USB_DEVICE_IRPSubmit
                0x9d003e5c       0x58
 .text.USB_DEVICE_IRPSubmit
                0x9d003e5c       0x58 build/default/production/_ext/2136756787/usb_device.o
                0x9d003e5c                USB_DEVICE_IRPSubmit

.text.SYS_INT_SourceDisable
                0x9d003eb4       0x54
 .text.SYS_INT_SourceDisable
                0x9d003eb4       0x54 build/default/production/_ext/1735427962/sys_int_pic32.o
                0x9d003eb4                SYS_INT_SourceDisable

.text.main_entry
                0x9d003f08       0x54
 .text.main_entry
                0x9d003f08       0x54 C:\Users\PRECIS~1\AppData\Local\Temp\cc5IQsQo.o
                0x9d003f3c                __crt0_exit

.text.USB_DEVICE_Detach
                0x9d003f5c       0x50
 .text.USB_DEVICE_Detach
                0x9d003f5c       0x50 build/default/production/_ext/2136756787/usb_device.o
                0x9d003f5c                USB_DEVICE_Detach

.text.BSP_Initialize
                0x9d003fac       0x4c
 .text.BSP_Initialize
                0x9d003fac       0x4c build/default/production/_ext/74298950/bsp.o
                0x9d003fac                BSP_Initialize

.text.USB_DEVICE_Open
                0x9d003ff8       0x4c
 .text.USB_DEVICE_Open
                0x9d003ff8       0x4c build/default/production/_ext/2136756787/usb_device.o
                0x9d003ff8                USB_DEVICE_Open

.text._USB_DEVICE_RedirectControlXfrToClient
                0x9d004044       0x4c
 .text._USB_DEVICE_RedirectControlXfrToClient
                0x9d004044       0x4c build/default/production/_ext/2136756787/usb_device.o
                0x9d004044                _USB_DEVICE_RedirectControlXfrToClient

.text.DRV_USBFS_DEVICE_Detach
                0x9d004090       0x4c
 .text.DRV_USBFS_DEVICE_Detach
                0x9d004090       0x4c build/default/production/_ext/695388678/drv_usbfs_device.o
                0x9d004090                DRV_USBFS_DEVICE_Detach

.text.DRV_USBFS_DEVICE_EndpointIsEnabled
                0x9d0040dc       0x4c
 .text.DRV_USBFS_DEVICE_EndpointIsEnabled
                0x9d0040dc       0x4c build/default/production/_ext/695388678/drv_usbfs_device.o
                0x9d0040dc                DRV_USBFS_DEVICE_EndpointIsEnabled

.text.DRV_USBFS_DEVICE_EndpointIsStalled
                0x9d004128       0x4c
 .text.DRV_USBFS_DEVICE_EndpointIsStalled
                0x9d004128       0x4c build/default/production/_ext/695388678/drv_usbfs_device.o
                0x9d004128                DRV_USBFS_DEVICE_EndpointIsStalled

.text.USB_DEVICE_HID_EventHandlerSet
                0x9d004174       0x4c
 .text.USB_DEVICE_HID_EventHandlerSet
                0x9d004174       0x4c build/default/production/_ext/2136756787/usb_device_hid.o
                0x9d004174                USB_DEVICE_HID_EventHandlerSet

.text.SYS_DEVCON_SystemLock
                0x9d0041c0       0x48
 .text.SYS_DEVCON_SystemLock
                0x9d0041c0       0x48 build/default/production/_ext/340578644/sys_devcon.o
                0x9d0041c0                SYS_DEVCON_SystemLock

.text.USB_DEVICE_Attach
                0x9d004208       0x48
 .text.USB_DEVICE_Attach
                0x9d004208       0x48 build/default/production/_ext/2136756787/usb_device.o
                0x9d004208                USB_DEVICE_Attach

.text.USB_DEVICE_EndpointDisable
                0x9d004250       0x48
 .text.USB_DEVICE_EndpointDisable
                0x9d004250       0x48 build/default/production/_ext/2136756787/usb_device.o
                0x9d004250                USB_DEVICE_EndpointDisable

.text.USB_DEVICE_IRPCancelAll
                0x9d004298       0x48
 .text.USB_DEVICE_IRPCancelAll
                0x9d004298       0x48 build/default/production/_ext/2136756787/usb_device.o
                0x9d004298                USB_DEVICE_IRPCancelAll

.text._bootstrap_exception_handler
                0x9d0042e0       0x48
 .text._bootstrap_exception_handler
                0x9d0042e0       0x48 c:/program files (x86)/microchip/xc32/v2.15/bin/bin/../../lib/gcc/pic32mx/4.8.3/../../../../pic32mx/lib\libpic32.a(default-bootstrap-exception-handler.o)
                0x9d0042e0                _bootstrap_exception_handler

.vector_default
                0x9d004328       0x48
 .vector_default
                0x9d004328       0x48 c:/program files (x86)/microchip/xc32/v2.15/bin/bin/../../lib/gcc/pic32mx/4.8.3/../../../../pic32mx/lib\libpic32.a(defaultinterrupt.o)
                0x9d004328                _DefaultInterrupt

.text.DRV_USBFS_Open
                0x9d004370       0x44
 .text.DRV_USBFS_Open
                0x9d004370       0x44 build/default/production/_ext/695388678/drv_usbfs.o
                0x9d004370                DRV_USBFS_Open

.text           0x9d0043b4       0x44
 .text          0x9d0043b4       0x44 c:/program files (x86)/microchip/xc32/v2.15/bin/bin/../../lib/gcc/pic32mx/4.8.3/../../../../pic32mx/lib\pic32_software_reset.o
                0x9d0043b4                __pic32_software_reset

.text.BSP_LEDOff
                0x9d0043f8       0x40
 .text.BSP_LEDOff
                0x9d0043f8       0x40 build/default/production/_ext/74298950/bsp.o
                0x9d0043f8                BSP_LEDOff

.text._general_exception_handler
                0x9d004438       0x40
 .text._general_exception_handler
                0x9d004438       0x40 build/default/production/_ext/1688732426/system_exceptions.o
                0x9d004438                _general_exception_handler

.text.DRV_USBFS_DEVICE_SOFNumberGet
                0x9d004478       0x34
 .text.DRV_USBFS_DEVICE_SOFNumberGet
                0x9d004478       0x34 build/default/production/_ext/695388678/drv_usbfs_device.o
                0x9d004478                DRV_USBFS_DEVICE_SOFNumberGet

.text.SYS_Tasks
                0x9d0044ac       0x2c
 .text.SYS_Tasks
                0x9d0044ac       0x2c build/default/production/_ext/1688732426/system_tasks.o
                0x9d0044ac                SYS_Tasks

.text.DRV_USBFS_Close
                0x9d0044d8       0x2c
 .text.DRV_USBFS_Close
                0x9d0044d8       0x2c build/default/production/_ext/695388678/drv_usbfs.o
                0x9d0044d8                DRV_USBFS_Close

.text._DRV_USBFS_DEVICE_Initialize
                0x9d004504       0x2c
 .text._DRV_USBFS_DEVICE_Initialize
                0x9d004504       0x2c build/default/production/_ext/695388678/drv_usbfs_device.o
                0x9d004504                _DRV_USBFS_DEVICE_Initialize

.text._USB_DEVICE_ClientHandleValidate
                0x9d004530       0x28
 .text._USB_DEVICE_ClientHandleValidate
                0x9d004530       0x28 build/default/production/_ext/2136756787/usb_device.o
                0x9d004530                _USB_DEVICE_ClientHandleValidate

.text.DRV_USBFS_DEVICE_AddressSet
                0x9d004558       0x28
 .text.DRV_USBFS_DEVICE_AddressSet
                0x9d004558       0x28 build/default/production/_ext/695388678/drv_usbfs_device.o
                0x9d004558                DRV_USBFS_DEVICE_AddressSet

.text.DRV_USBFS_DEVICE_RemoteWakeupStart
                0x9d004580       0x28
 .text.DRV_USBFS_DEVICE_RemoteWakeupStart
                0x9d004580       0x28 build/default/production/_ext/695388678/drv_usbfs_device.o
                0x9d004580                DRV_USBFS_DEVICE_RemoteWakeupStart

.text.DRV_USBFS_DEVICE_RemoteWakeupStop
                0x9d0045a8       0x28
 .text.DRV_USBFS_DEVICE_RemoteWakeupStop
                0x9d0045a8       0x28 build/default/production/_ext/695388678/drv_usbfs_device.o
                0x9d0045a8                DRV_USBFS_DEVICE_RemoteWakeupStop

.text.APP_Initialize
                0x9d0045d0       0x24
 .text.APP_Initialize
                0x9d0045d0       0x24 build/default/production/_ext/1360937237/app.o
                0x9d0045d0                APP_Initialize

.text.MOUSE_ReportCreate
                0x9d0045f4       0x24
 .text.MOUSE_ReportCreate
                0x9d0045f4       0x24 build/default/production/_ext/1360937237/mouse.o
                0x9d0045f4                MOUSE_ReportCreate

.text.main      0x9d004618       0x20
 .text.main     0x9d004618       0x20 build/default/production/_ext/1360937237/main.o
                0x9d004618                main

.text._USB_DEVICE_HID_GlobalInitialize
                0x9d004638       0x20
 .text._USB_DEVICE_HID_GlobalInitialize
                0x9d004638       0x20 build/default/production/_ext/2136756787/usb_device_hid.o
                0x9d004638                _USB_DEVICE_HID_GlobalInitialize

.rodata         0x9d004658       0x1c
 .rodata        0x9d004658       0x1c build/default/production/_ext/74298950/bsp.o

.text.SYS_INT_StatusGetAndDisable
                0x9d004674       0x1c
 .text.SYS_INT_StatusGetAndDisable
                0x9d004674       0x1c build/default/production/_ext/1735427962/sys_int_pic32.o
                0x9d004674                SYS_INT_StatusGetAndDisable

.text.SYS_INT_StatusRestore
                0x9d004690       0x1c
 .text.SYS_INT_StatusRestore
                0x9d004690       0x1c build/default/production/_ext/1735427962/sys_int_pic32.o
                0x9d004690                SYS_INT_StatusRestore

.text           0x9d0046ac       0x18
 .text          0x9d0046ac       0x18 c:/program files (x86)/microchip/xc32/v2.15/bin/bin/../../lib/gcc/pic32mx/4.8.3/../../../../pic32mx/lib\libpic32.a(default-nmi-handler.o)
                0x9d0046ac                _nmi_handler

.text.SYS_DEVCON_Initialize
                0x9d0046c4       0x14
 .text.SYS_DEVCON_Initialize
                0x9d0046c4       0x14 build/default/production/_ext/340578644/sys_devcon.o
                0x9d0046c4                SYS_DEVCON_Initialize

.text.SYS_INT_Initialize
                0x9d0046d8       0x14
 .text.SYS_INT_Initialize
                0x9d0046d8       0x14 build/default/production/_ext/1735427962/sys_int_pic32.o
                0x9d0046d8                SYS_INT_Initialize

.text.DRV_USBFS_DEVICE_CurrentSpeedGet
                0x9d0046ec       0x14
 .text.DRV_USBFS_DEVICE_CurrentSpeedGet
                0x9d0046ec       0x14 build/default/production/_ext/695388678/drv_usbfs_device.o
                0x9d0046ec                DRV_USBFS_DEVICE_CurrentSpeedGet

.rodata         0x9d004700       0x14
 .rodata        0x9d004700       0x14 build/default/production/_ext/2136756787/usb_device_hid.o
                0x9d004700                hidFuncDriver

.text.SYS_CLK_SystemFrequencyGet
                0x9d004714        0xc
 .text.SYS_CLK_SystemFrequencyGet
                0x9d004714        0xc build/default/production/_ext/639803181/sys_clk_pic32mx.o
                0x9d004714                SYS_CLK_SystemFrequencyGet

.rodata         0x9d004720        0x8
 .rodata        0x9d004720        0x8 build/default/production/_ext/1360937237/app.o

.text.DRV_USBFS_Tasks
                0x9d004728        0x8
 .text.DRV_USBFS_Tasks
                0x9d004728        0x8 build/default/production/_ext/695388678/drv_usbfs.o
                0x9d004728                DRV_USBFS_Tasks

.text._on_reset
                0x9d004730        0x8
 .text._on_reset
                0x9d004730        0x8 c:/program files (x86)/microchip/xc32/v2.15/bin/bin/../../lib/gcc/pic32mx/4.8.3/../../../../pic32mx/lib\libpic32.a(default-on-reset.o)
                0x9d004730                _on_reset

.text._on_bootstrap
                0x9d004738        0x8
 .text._on_bootstrap
                0x9d004738        0x8 c:/program files (x86)/microchip/xc32/v2.15/bin/bin/../../lib/gcc/pic32mx/4.8.3/../../../../pic32mx/lib\libpic32.a(default-on-bootstrap.o)
                0x9d004738                _on_bootstrap